Archive member included to satisfy reference by file (symbol)

c:/program files (x86)/atmel/studio/7.0/toolchain/avr8/avr8-gnu-toolchain/bin/../lib/gcc/avr/5.4.0/avr5\libgcc.a(_exit.o)
                              C:/Program Files (x86)/Atmel/Studio/7.0/Packs/atmel/ATmega_DFP/1.7.374/gcc/dev/atmega32/avr5/crtatmega32.o (exit)
c:/program files (x86)/atmel/studio/7.0/toolchain/avr8/avr8-gnu-toolchain/bin/../lib/gcc/avr/5.4.0/avr5\libgcc.a(_copy_data.o)
                              App/CFGH/MCAL_CFG/PORT_CFG/PORT_LCFG.o (__do_copy_data)

Discarded input sections

 .data          0x00000000        0x0 C:/Program Files (x86)/Atmel/Studio/7.0/Packs/atmel/ATmega_DFP/1.7.374/gcc/dev/atmega32/avr5/crtatmega32.o
 .bss           0x00000000        0x0 C:/Program Files (x86)/Atmel/Studio/7.0/Packs/atmel/ATmega_DFP/1.7.374/gcc/dev/atmega32/avr5/crtatmega32.o
 .text          0x00000000        0x0 App/CFGH/MCAL_CFG/PORT_CFG/PORT_LCFG.o
 .data          0x00000000        0x0 App/CFGH/MCAL_CFG/PORT_CFG/PORT_LCFG.o
 .bss           0x00000000        0x0 App/CFGH/MCAL_CFG/PORT_CFG/PORT_LCFG.o
 .text          0x00000000        0x0 App/Main/main.o
 .data          0x00000000        0x0 App/Main/main.o
 .bss           0x00000000        0x0 App/Main/main.o
 .text          0x00000000        0x0 HAL/BUTTON/Button.o
 .data          0x00000000        0x0 HAL/BUTTON/Button.o
 .bss           0x00000000        0x0 HAL/BUTTON/Button.o
 .text          0x00000000        0x0 HAL/BUZZER/Buzzer.o
 .data          0x00000000        0x0 HAL/BUZZER/Buzzer.o
 .bss           0x00000000        0x0 HAL/BUZZER/Buzzer.o
 .text          0x00000000        0x0 HAL/LCD/LCD_Core.o
 .data          0x00000000        0x0 HAL/LCD/LCD_Core.o
 .bss           0x00000000        0x0 HAL/LCD/LCD_Core.o
 .text.lCD_WriteCommand
                0x00000000       0xb6 HAL/LCD/LCD_Core.o
 .text.LCD_Init
                0x00000000       0x2c HAL/LCD/LCD_Core.o
 .text.LCD_WriteChar
                0x00000000       0xb6 HAL/LCD/LCD_Core.o
 .text.LCD_Write_String
                0x00000000       0x26 HAL/LCD/LCD_Core.o
 .text.LCD_WriteInteger
                0x00000000        0x2 HAL/LCD/LCD_Core.o
 .text.LCD_Clear
                0x00000000        0x8 HAL/LCD/LCD_Core.o
 .text.LCD_GOTO
                0x00000000       0x30 HAL/LCD/LCD_Core.o
 .debug_info    0x00000000      0x6a8 HAL/LCD/LCD_Core.o
 .debug_abbrev  0x00000000      0x1a3 HAL/LCD/LCD_Core.o
 .debug_loc     0x00000000      0x419 HAL/LCD/LCD_Core.o
 .debug_aranges
                0x00000000       0x50 HAL/LCD/LCD_Core.o
 .debug_ranges  0x00000000       0x40 HAL/LCD/LCD_Core.o
 .debug_line    0x00000000      0x2ea HAL/LCD/LCD_Core.o
 .debug_str     0x00000000      0x2b7 HAL/LCD/LCD_Core.o
 .comment       0x00000000       0x31 HAL/LCD/LCD_Core.o
 .debug_frame   0x00000000       0xd4 HAL/LCD/LCD_Core.o
 .text          0x00000000        0x0 HAL/LED/Led.o
 .data          0x00000000        0x0 HAL/LED/Led.o
 .bss           0x00000000        0x0 HAL/LED/Led.o
 .text.LED_SetValue
                0x00000000        0x6 HAL/LED/Led.o
 .text.LED_Toggle
                0x00000000        0x6 HAL/LED/Led.o
 .debug_info    0x00000000      0x113 HAL/LED/Led.o
 .debug_abbrev  0x00000000       0x80 HAL/LED/Led.o
 .debug_loc     0x00000000       0x63 HAL/LED/Led.o
 .debug_aranges
                0x00000000       0x28 HAL/LED/Led.o
 .debug_ranges  0x00000000       0x18 HAL/LED/Led.o
 .debug_line    0x00000000       0x88 HAL/LED/Led.o
 .debug_str     0x00000000      0x1a7 HAL/LED/Led.o
 .comment       0x00000000       0x31 HAL/LED/Led.o
 .debug_frame   0x00000000       0x34 HAL/LED/Led.o
 .text          0x00000000        0x0 HAL/RELAY/Relay.o
 .data          0x00000000        0x0 HAL/RELAY/Relay.o
 .bss           0x00000000        0x0 HAL/RELAY/Relay.o
 .text.RELY_INIT
                0x00000000       0x16 HAL/RELAY/Relay.o
 .text.RELY_ON  0x00000000       0x16 HAL/RELAY/Relay.o
 .text.RELY_OFF
                0x00000000       0x18 HAL/RELAY/Relay.o
 .debug_info    0x00000000       0xe1 HAL/RELAY/Relay.o
 .debug_abbrev  0x00000000       0x6f HAL/RELAY/Relay.o
 .debug_aranges
                0x00000000       0x30 HAL/RELAY/Relay.o
 .debug_ranges  0x00000000       0x20 HAL/RELAY/Relay.o
 .debug_line    0x00000000       0x89 HAL/RELAY/Relay.o
 .debug_str     0x00000000      0x180 HAL/RELAY/Relay.o
 .comment       0x00000000       0x31 HAL/RELAY/Relay.o
 .debug_frame   0x00000000       0x44 HAL/RELAY/Relay.o
 .text          0x00000000        0x0 HAL/SEVEN_SEG/SEVEN_SEG.o
 .data          0x00000000        0x0 HAL/SEVEN_SEG/SEVEN_SEG.o
 .bss           0x00000000        0x0 HAL/SEVEN_SEG/SEVEN_SEG.o
 .text          0x00000000        0x0 MCAL/DIO/DIO_CORE.o
 .data          0x00000000        0x0 MCAL/DIO/DIO_CORE.o
 .bss           0x00000000        0x0 MCAL/DIO/DIO_CORE.o
 .text.DIO_FlipChannel
                0x00000000       0x82 MCAL/DIO/DIO_CORE.o
 .text.DIO_ReadPort
                0x00000000       0x30 MCAL/DIO/DIO_CORE.o
 .text.DIO_ReadOutputPort
                0x00000000       0x30 MCAL/DIO/DIO_CORE.o
 .text          0x00000000        0x0 MCAL/PORT/PORT_CORE.o
 .data          0x00000000        0x0 MCAL/PORT/PORT_CORE.o
 .bss           0x00000000        0x0 MCAL/PORT/PORT_CORE.o
 .text          0x00000000        0x0 c:/program files (x86)/atmel/studio/7.0/toolchain/avr8/avr8-gnu-toolchain/bin/../lib/gcc/avr/5.4.0/avr5\libgcc.a(_exit.o)
 .data          0x00000000        0x0 c:/program files (x86)/atmel/studio/7.0/toolchain/avr8/avr8-gnu-toolchain/bin/../lib/gcc/avr/5.4.0/avr5\libgcc.a(_exit.o)
 .bss           0x00000000        0x0 c:/program files (x86)/atmel/studio/7.0/toolchain/avr8/avr8-gnu-toolchain/bin/../lib/gcc/avr/5.4.0/avr5\libgcc.a(_exit.o)
 .text.libgcc.mul
                0x00000000        0x0 c:/program files (x86)/atmel/studio/7.0/toolchain/avr8/avr8-gnu-toolchain/bin/../lib/gcc/avr/5.4.0/avr5\libgcc.a(_exit.o)
 .text.libgcc.div
                0x00000000        0x0 c:/program files (x86)/atmel/studio/7.0/toolchain/avr8/avr8-gnu-toolchain/bin/../lib/gcc/avr/5.4.0/avr5\libgcc.a(_exit.o)
 .text.libgcc   0x00000000        0x0 c:/program files (x86)/atmel/studio/7.0/toolchain/avr8/avr8-gnu-toolchain/bin/../lib/gcc/avr/5.4.0/avr5\libgcc.a(_exit.o)
 .text.libgcc.prologue
                0x00000000        0x0 c:/program files (x86)/atmel/studio/7.0/toolchain/avr8/avr8-gnu-toolchain/bin/../lib/gcc/avr/5.4.0/avr5\libgcc.a(_exit.o)
 .text.libgcc.builtins
                0x00000000        0x0 c:/program files (x86)/atmel/studio/7.0/toolchain/avr8/avr8-gnu-toolchain/bin/../lib/gcc/avr/5.4.0/avr5\libgcc.a(_exit.o)
 .text.libgcc.fmul
                0x00000000        0x0 c:/program files (x86)/atmel/studio/7.0/toolchain/avr8/avr8-gnu-toolchain/bin/../lib/gcc/avr/5.4.0/avr5\libgcc.a(_exit.o)
 .text.libgcc.fixed
                0x00000000        0x0 c:/program files (x86)/atmel/studio/7.0/toolchain/avr8/avr8-gnu-toolchain/bin/../lib/gcc/avr/5.4.0/avr5\libgcc.a(_exit.o)
 .text          0x00000000        0x0 c:/program files (x86)/atmel/studio/7.0/toolchain/avr8/avr8-gnu-toolchain/bin/../lib/gcc/avr/5.4.0/avr5\libgcc.a(_copy_data.o)
 .data          0x00000000        0x0 c:/program files (x86)/atmel/studio/7.0/toolchain/avr8/avr8-gnu-toolchain/bin/../lib/gcc/avr/5.4.0/avr5\libgcc.a(_copy_data.o)
 .bss           0x00000000        0x0 c:/program files (x86)/atmel/studio/7.0/toolchain/avr8/avr8-gnu-toolchain/bin/../lib/gcc/avr/5.4.0/avr5\libgcc.a(_copy_data.o)
 .text.libgcc.mul
                0x00000000        0x0 c:/program files (x86)/atmel/studio/7.0/toolchain/avr8/avr8-gnu-toolchain/bin/../lib/gcc/avr/5.4.0/avr5\libgcc.a(_copy_data.o)
 .text.libgcc.div
                0x00000000        0x0 c:/program files (x86)/atmel/studio/7.0/toolchain/avr8/avr8-gnu-toolchain/bin/../lib/gcc/avr/5.4.0/avr5\libgcc.a(_copy_data.o)
 .text.libgcc   0x00000000        0x0 c:/program files (x86)/atmel/studio/7.0/toolchain/avr8/avr8-gnu-toolchain/bin/../lib/gcc/avr/5.4.0/avr5\libgcc.a(_copy_data.o)
 .text.libgcc.prologue
                0x00000000        0x0 c:/program files (x86)/atmel/studio/7.0/toolchain/avr8/avr8-gnu-toolchain/bin/../lib/gcc/avr/5.4.0/avr5\libgcc.a(_copy_data.o)
 .text.libgcc.builtins
                0x00000000        0x0 c:/program files (x86)/atmel/studio/7.0/toolchain/avr8/avr8-gnu-toolchain/bin/../lib/gcc/avr/5.4.0/avr5\libgcc.a(_copy_data.o)
 .text.libgcc.fmul
                0x00000000        0x0 c:/program files (x86)/atmel/studio/7.0/toolchain/avr8/avr8-gnu-toolchain/bin/../lib/gcc/avr/5.4.0/avr5\libgcc.a(_copy_data.o)
 .text.libgcc.fixed
                0x00000000        0x0 c:/program files (x86)/atmel/studio/7.0/toolchain/avr8/avr8-gnu-toolchain/bin/../lib/gcc/avr/5.4.0/avr5\libgcc.a(_copy_data.o)

Memory Configuration

Name             Origin             Length             Attributes
text             0x00000000         0x00008000         xr
data             0x00800060         0x00000800         rw !x
eeprom           0x00810000         0x00000400         rw !x
fuse             0x00820000         0x00000002         rw !x
lock             0x00830000         0x00000400         rw !x
signature        0x00840000         0x00000400         rw !x
user_signatures  0x00850000         0x00000400         rw !x
*default*        0x00000000         0xffffffff

Linker script and memory map

LOAD C:/Program Files (x86)/Atmel/Studio/7.0/Packs/atmel/ATmega_DFP/1.7.374/gcc/dev/atmega32/avr5/crtatmega32.o
LOAD App/CFGH/MCAL_CFG/PORT_CFG/PORT_LCFG.o
LOAD App/Main/main.o
LOAD HAL/BUTTON/Button.o
LOAD HAL/BUZZER/Buzzer.o
LOAD HAL/LCD/LCD_Core.o
LOAD HAL/LED/Led.o
LOAD HAL/RELAY/Relay.o
LOAD HAL/SEVEN_SEG/SEVEN_SEG.o
LOAD MCAL/DIO/DIO_CORE.o
LOAD MCAL/PORT/PORT_CORE.o
START GROUP
LOAD c:/program files (x86)/atmel/studio/7.0/toolchain/avr8/avr8-gnu-toolchain/bin/../lib/gcc/avr/5.4.0/../../../../avr/lib/avr5\libm.a
END GROUP
START GROUP
LOAD c:/program files (x86)/atmel/studio/7.0/toolchain/avr8/avr8-gnu-toolchain/bin/../lib/gcc/avr/5.4.0/avr5\libgcc.a
LOAD c:/program files (x86)/atmel/studio/7.0/toolchain/avr8/avr8-gnu-toolchain/bin/../lib/gcc/avr/5.4.0/../../../../avr/lib/avr5\libm.a
LOAD c:/program files (x86)/atmel/studio/7.0/toolchain/avr8/avr8-gnu-toolchain/bin/../lib/gcc/avr/5.4.0/../../../../avr/lib/avr5\libc.a
LOAD C:/Program Files (x86)/Atmel/Studio/7.0/Packs/atmel/ATmega_DFP/1.7.374/gcc/dev/atmega32/avr5\libatmega32.a
END GROUP
                0x00000000                __TEXT_REGION_ORIGIN__ = DEFINED (__TEXT_REGION_ORIGIN__)?__TEXT_REGION_ORIGIN__:0x0
                [0x00800060]                __DATA_REGION_ORIGIN__ = DEFINED (__DATA_REGION_ORIGIN__)?__DATA_REGION_ORIGIN__:0x800060
                [0x00008000]                __TEXT_REGION_LENGTH__ = DEFINED (__TEXT_REGION_LENGTH__)?__TEXT_REGION_LENGTH__:0x20000
                [0x00000800]                __DATA_REGION_LENGTH__ = DEFINED (__DATA_REGION_LENGTH__)?__DATA_REGION_LENGTH__:0xffa0
                [0x00000400]                __EEPROM_REGION_LENGTH__ = DEFINED (__EEPROM_REGION_LENGTH__)?__EEPROM_REGION_LENGTH__:0x10000
                [0x00000002]                __FUSE_REGION_LENGTH__ = DEFINED (__FUSE_REGION_LENGTH__)?__FUSE_REGION_LENGTH__:0x400
                0x00000400                __LOCK_REGION_LENGTH__ = DEFINED (__LOCK_REGION_LENGTH__)?__LOCK_REGION_LENGTH__:0x400
                0x00000400                __SIGNATURE_REGION_LENGTH__ = DEFINED (__SIGNATURE_REGION_LENGTH__)?__SIGNATURE_REGION_LENGTH__:0x400
                0x00000400                __USER_SIGNATURE_REGION_LENGTH__ = DEFINED (__USER_SIGNATURE_REGION_LENGTH__)?__USER_SIGNATURE_REGION_LENGTH__:0x400

.hash
 *(.hash)

.dynsym
 *(.dynsym)

.dynstr
 *(.dynstr)

.gnu.version
 *(.gnu.version)

.gnu.version_d
 *(.gnu.version_d)

.gnu.version_r
 *(.gnu.version_r)

.rel.init
 *(.rel.init)

.rela.init
 *(.rela.init)

.rel.text
 *(.rel.text)
 *(.rel.text.*)
 *(.rel.gnu.linkonce.t*)

.rela.text
 *(.rela.text)
 *(.rela.text.*)
 *(.rela.gnu.linkonce.t*)

.rel.fini
 *(.rel.fini)

.rela.fini
 *(.rela.fini)

.rel.rodata
 *(.rel.rodata)
 *(.rel.rodata.*)
 *(.rel.gnu.linkonce.r*)

.rela.rodata
 *(.rela.rodata)
 *(.rela.rodata.*)
 *(.rela.gnu.linkonce.r*)

.rel.data
 *(.rel.data)
 *(.rel.data.*)
 *(.rel.gnu.linkonce.d*)

.rela.data
 *(.rela.data)
 *(.rela.data.*)
 *(.rela.gnu.linkonce.d*)

.rel.ctors
 *(.rel.ctors)

.rela.ctors
 *(.rela.ctors)

.rel.dtors
 *(.rel.dtors)

.rela.dtors
 *(.rela.dtors)

.rel.got
 *(.rel.got)

.rela.got
 *(.rela.got)

.rel.bss
 *(.rel.bss)

.rela.bss
 *(.rela.bss)

.rel.plt
 *(.rel.plt)

.rela.plt
 *(.rela.plt)

.text           0x00000000      0x498
 *(.vectors)
 .vectors       0x00000000       0x54 C:/Program Files (x86)/Atmel/Studio/7.0/Packs/atmel/ATmega_DFP/1.7.374/gcc/dev/atmega32/avr5/crtatmega32.o
                0x00000000                __vector_default
                0x00000000                __vectors
 *(.vectors)
 *(.progmem.gcc*)
                0x00000054                . = ALIGN (0x2)
                0x00000054                __trampolines_start = .
 *(.trampolines)
 .trampolines   0x00000054        0x0 linker stubs
 *(.trampolines*)
                0x00000054                __trampolines_end = .
 *libprintf_flt.a:*(.progmem.data)
 *libc.a:*(.progmem.data)
 *(.progmem*)
                0x00000054                . = ALIGN (0x2)
 *(.jumptables)
 *(.jumptables*)
 *(.lowtext)
 *(.lowtext*)
                0x00000054                __ctors_start = .
 *(.ctors)
                0x00000054                __ctors_end = .
                0x00000054                __dtors_start = .
 *(.dtors)
                0x00000054                __dtors_end = .
 SORT(*)(.ctors)
 SORT(*)(.dtors)
 *(.init0)
 .init0         0x00000054        0x0 C:/Program Files (x86)/Atmel/Studio/7.0/Packs/atmel/ATmega_DFP/1.7.374/gcc/dev/atmega32/avr5/crtatmega32.o
                0x00000054                __init
 *(.init0)
 *(.init1)
 *(.init1)
 *(.init2)
 .init2         0x00000054        0xc C:/Program Files (x86)/Atmel/Studio/7.0/Packs/atmel/ATmega_DFP/1.7.374/gcc/dev/atmega32/avr5/crtatmega32.o
 *(.init2)
 *(.init3)
 *(.init3)
 *(.init4)
 .init4         0x00000060       0x16 c:/program files (x86)/atmel/studio/7.0/toolchain/avr8/avr8-gnu-toolchain/bin/../lib/gcc/avr/5.4.0/avr5\libgcc.a(_copy_data.o)
                0x00000060                __do_copy_data
 *(.init4)
 *(.init5)
 *(.init5)
 *(.init6)
 *(.init6)
 *(.init7)
 *(.init7)
 *(.init8)
 *(.init8)
 *(.init9)
 .init9         0x00000076        0x8 C:/Program Files (x86)/Atmel/Studio/7.0/Packs/atmel/ATmega_DFP/1.7.374/gcc/dev/atmega32/avr5/crtatmega32.o
 *(.init9)
 *(.text)
 .text          0x0000007e        0x4 C:/Program Files (x86)/Atmel/Studio/7.0/Packs/atmel/ATmega_DFP/1.7.374/gcc/dev/atmega32/avr5/crtatmega32.o
                0x0000007e                __vector_1
                0x0000007e                __vector_12
                0x0000007e                __bad_interrupt
                0x0000007e                __vector_6
                0x0000007e                __vector_3
                0x0000007e                __vector_11
                0x0000007e                __vector_13
                0x0000007e                __vector_17
                0x0000007e                __vector_19
                0x0000007e                __vector_7
                0x0000007e                __vector_5
                0x0000007e                __vector_4
                0x0000007e                __vector_9
                0x0000007e                __vector_2
                0x0000007e                __vector_15
                0x0000007e                __vector_8
                0x0000007e                __vector_14
                0x0000007e                __vector_10
                0x0000007e                __vector_16
                0x0000007e                __vector_18
                0x0000007e                __vector_20
                0x00000082                . = ALIGN (0x2)
 *(.text.*)
 .text.main     0x00000082       0x80 App/Main/main.o
                0x00000082                main
 .text.GET_BUTTON
                0x00000102       0x4e HAL/BUTTON/Button.o
                0x00000102                GET_BUTTON
 .text.BUZ_SetValue
                0x00000150        0xa HAL/BUZZER/Buzzer.o
                0x00000150                BUZ_SetValue
 .text.SEVEN_SEG_OUT
                0x0000015a       0x82 HAL/SEVEN_SEG/SEVEN_SEG.o
                0x0000015a                SEVEN_SEG_OUT
 .text.DIO_WriteChannel
                0x000001dc      0x10e MCAL/DIO/DIO_CORE.o
                0x000001dc                DIO_WriteChannel
 .text.DIO_ReadChannel
                0x000002ea       0x82 MCAL/DIO/DIO_CORE.o
                0x000002ea                DIO_ReadChannel
 .text.DIO_WritePort
                0x0000036c       0x20 MCAL/DIO/DIO_CORE.o
                0x0000036c                DIO_WritePort
 .text.PORT_INIT
                0x0000038c      0x108 MCAL/PORT/PORT_CORE.o
                0x0000038c                PORT_INIT
                0x00000494                . = ALIGN (0x2)
 *(.fini9)
 .fini9         0x00000494        0x0 c:/program files (x86)/atmel/studio/7.0/toolchain/avr8/avr8-gnu-toolchain/bin/../lib/gcc/avr/5.4.0/avr5\libgcc.a(_exit.o)
                0x00000494                _exit
                0x00000494                exit
 *(.fini9)
 *(.fini8)
 *(.fini8)
 *(.fini7)
 *(.fini7)
 *(.fini6)
 *(.fini6)
 *(.fini5)
 *(.fini5)
 *(.fini4)
 *(.fini4)
 *(.fini3)
 *(.fini3)
 *(.fini2)
 *(.fini2)
 *(.fini1)
 *(.fini1)
 *(.fini0)
 .fini0         0x00000494        0x4 c:/program files (x86)/atmel/studio/7.0/toolchain/avr8/avr8-gnu-toolchain/bin/../lib/gcc/avr/5.4.0/avr5\libgcc.a(_exit.o)
 *(.fini0)
                0x00000498                _etext = .

.data           0x00800060       0x26 load address 0x00000498
                0x00800060                PROVIDE (__data_start, .)
 *(.data)
 *(.data*)
 .data.seven_seg
                0x00800060        0xa HAL/SEVEN_SEG/SEVEN_SEG.o
                0x00800060                seven_seg
 *(.gnu.linkonce.d*)
 *(.rodata)
 *(.rodata*)
 .rodata.PORT_Initialization
                0x0080006a       0x1c App/CFGH/MCAL_CFG/PORT_CFG/PORT_LCFG.o
                0x0080006a                PORT_Initialization
 *(.gnu.linkonce.r*)
                0x00800086                . = ALIGN (0x2)
                0x00800086                _edata = .
                0x00800086                PROVIDE (__data_end, .)

.bss            0x00800086        0x0
                [!provide]                PROVIDE (__bss_start, .)
 *(.bss)
 *(.bss*)
 *(COMMON)
                [!provide]                PROVIDE (__bss_end, .)
                0x00000498                __data_load_start = LOADADDR (.data)
                0x000004be                __data_load_end = (__data_load_start + SIZEOF (.data))

.noinit         0x00800086        0x0
                [!provide]                PROVIDE (__noinit_start, .)
 *(.noinit*)
                [!provide]                PROVIDE (__noinit_end, .)
                0x00800086                _end = .
                [!provide]                PROVIDE (__heap_start, .)

.eeprom         0x00810000        0x0
 *(.eeprom*)
                0x00810000                __eeprom_end = .

.fuse
 *(.fuse)
 *(.lfuse)
 *(.hfuse)
 *(.efuse)

.lock
 *(.lock*)

.signature
 *(.signature*)

.user_signatures
 *(.user_signatures*)

.stab
 *(.stab)

.stabstr
 *(.stabstr)

.stab.excl
 *(.stab.excl)

.stab.exclstr
 *(.stab.exclstr)

.stab.index
 *(.stab.index)

.stab.indexstr
 *(.stab.indexstr)

.comment        0x00000000       0x30
 *(.comment)
 .comment       0x00000000       0x30 App/CFGH/MCAL_CFG/PORT_CFG/PORT_LCFG.o
                                 0x31 (size before relaxing)
 .comment       0x00000030       0x31 App/Main/main.o
 .comment       0x00000030       0x31 HAL/BUTTON/Button.o
 .comment       0x00000030       0x31 HAL/BUZZER/Buzzer.o
 .comment       0x00000030       0x31 HAL/SEVEN_SEG/SEVEN_SEG.o
 .comment       0x00000030       0x31 MCAL/DIO/DIO_CORE.o
 .comment       0x00000030       0x31 MCAL/PORT/PORT_CORE.o

.note.gnu.avr.deviceinfo
                0x00000000       0x3c
 .note.gnu.avr.deviceinfo
                0x00000000       0x3c C:/Program Files (x86)/Atmel/Studio/7.0/Packs/atmel/ATmega_DFP/1.7.374/gcc/dev/atmega32/avr5/crtatmega32.o

.note.gnu.build-id
 *(.note.gnu.build-id)

.debug
 *(.debug)

.line
 *(.line)

.debug_srcinfo
 *(.debug_srcinfo)

.debug_sfnames
 *(.debug_sfnames)

.debug_aranges  0x00000000      0x100
 *(.debug_aranges)
 .debug_aranges
                0x00000000       0x18 App/CFGH/MCAL_CFG/PORT_CFG/PORT_LCFG.o
 .debug_aranges
                0x00000018       0x20 App/Main/main.o
 .debug_aranges
                0x00000038       0x20 HAL/BUTTON/Button.o
 .debug_aranges
                0x00000058       0x20 HAL/BUZZER/Buzzer.o
 .debug_aranges
                0x00000078       0x20 HAL/SEVEN_SEG/SEVEN_SEG.o
 .debug_aranges
                0x00000098       0x48 MCAL/DIO/DIO_CORE.o
 .debug_aranges
                0x000000e0       0x20 MCAL/PORT/PORT_CORE.o

.debug_pubnames
 *(.debug_pubnames)

.debug_info     0x00000000     0x1088
 *(.debug_info .gnu.linkonce.wi.*)
 .debug_info    0x00000000      0x4e6 C:/Program Files (x86)/Atmel/Studio/7.0/Packs/atmel/ATmega_DFP/1.7.374/gcc/dev/atmega32/avr5/crtatmega32.o
 .debug_info    0x000004e6       0xe8 App/CFGH/MCAL_CFG/PORT_CFG/PORT_LCFG.o
 .debug_info    0x000005ce      0x248 App/Main/main.o
 .debug_info    0x00000816      0x197 HAL/BUTTON/Button.o
 .debug_info    0x000009ad       0xba HAL/BUZZER/Buzzer.o
 .debug_info    0x00000a67      0x26c HAL/SEVEN_SEG/SEVEN_SEG.o
 .debug_info    0x00000cd3      0x26f MCAL/DIO/DIO_CORE.o
 .debug_info    0x00000f42      0x146 MCAL/PORT/PORT_CORE.o

.debug_abbrev   0x00000000      0xaad
 *(.debug_abbrev)
 .debug_abbrev  0x00000000      0x4a3 C:/Program Files (x86)/Atmel/Studio/7.0/Packs/atmel/ATmega_DFP/1.7.374/gcc/dev/atmega32/avr5/crtatmega32.o
 .debug_abbrev  0x000004a3       0x86 App/CFGH/MCAL_CFG/PORT_CFG/PORT_LCFG.o
 .debug_abbrev  0x00000529      0x137 App/Main/main.o
 .debug_abbrev  0x00000660      0x111 HAL/BUTTON/Button.o
 .debug_abbrev  0x00000771       0x80 HAL/BUZZER/Buzzer.o
 .debug_abbrev  0x000007f1      0x13b HAL/SEVEN_SEG/SEVEN_SEG.o
 .debug_abbrev  0x0000092c       0xbd MCAL/DIO/DIO_CORE.o
 .debug_abbrev  0x000009e9       0xc4 MCAL/PORT/PORT_CORE.o

.debug_line     0x00000000      0xa5b
 *(.debug_line .debug_line.* .debug_line_end)
 .debug_line    0x00000000      0x116 C:/Program Files (x86)/Atmel/Studio/7.0/Packs/atmel/ATmega_DFP/1.7.374/gcc/dev/atmega32/avr5/crtatmega32.o
 .debug_line    0x00000116       0x69 App/CFGH/MCAL_CFG/PORT_CFG/PORT_LCFG.o
 .debug_line    0x0000017f      0x21b App/Main/main.o
 .debug_line    0x0000039a      0x169 HAL/BUTTON/Button.o
 .debug_line    0x00000503       0x77 HAL/BUZZER/Buzzer.o
 .debug_line    0x0000057a      0x181 HAL/SEVEN_SEG/SEVEN_SEG.o
 .debug_line    0x000006fb      0x23a MCAL/DIO/DIO_CORE.o
 .debug_line    0x00000935      0x126 MCAL/PORT/PORT_CORE.o

.debug_frame    0x00000000      0x14c
 *(.debug_frame)
 .debug_frame   0x00000000       0x24 App/Main/main.o
 .debug_frame   0x00000024       0x3c HAL/BUTTON/Button.o
 .debug_frame   0x00000060       0x24 HAL/BUZZER/Buzzer.o
 .debug_frame   0x00000084       0x30 HAL/SEVEN_SEG/SEVEN_SEG.o
 .debug_frame   0x000000b4       0x74 MCAL/DIO/DIO_CORE.o
 .debug_frame   0x00000128       0x24 MCAL/PORT/PORT_CORE.o

.debug_str      0x00000000      0x56f
 *(.debug_str)
 .debug_str     0x00000000      0x196 C:/Program Files (x86)/Atmel/Studio/7.0/Packs/atmel/ATmega_DFP/1.7.374/gcc/dev/atmega32/avr5/crtatmega32.o
 .debug_str     0x00000196      0x1ad App/CFGH/MCAL_CFG/PORT_CFG/PORT_LCFG.o
                                0x1d4 (size before relaxing)
 .debug_str     0x00000343       0xd1 App/Main/main.o
                                0x229 (size before relaxing)
 .debug_str     0x00000414       0x3e HAL/BUTTON/Button.o
                                0x20a (size before relaxing)
 .debug_str     0x00000452       0x28 HAL/BUZZER/Buzzer.o
                                0x180 (size before relaxing)
 .debug_str     0x0000047a       0x51 HAL/SEVEN_SEG/SEVEN_SEG.o
                                0x24b (size before relaxing)
 .debug_str     0x000004cb       0x8b MCAL/DIO/DIO_CORE.o
                                0x237 (size before relaxing)
 .debug_str     0x00000556       0x19 MCAL/PORT/PORT_CORE.o
                                0x1d2 (size before relaxing)

.debug_loc      0x00000000      0x850
 *(.debug_loc)
 .debug_loc     0x00000000       0xcb App/Main/main.o
 .debug_loc     0x000000cb       0xc9 HAL/BUTTON/Button.o
 .debug_loc     0x00000194       0x2c HAL/BUZZER/Buzzer.o
 .debug_loc     0x000001c0       0xeb HAL/SEVEN_SEG/SEVEN_SEG.o
 .debug_loc     0x000002ab      0x454 MCAL/DIO/DIO_CORE.o
 .debug_loc     0x000006ff      0x151 MCAL/PORT/PORT_CORE.o

.debug_macinfo
 *(.debug_macinfo)

.debug_weaknames
 *(.debug_weaknames)

.debug_funcnames
 *(.debug_funcnames)

.debug_typenames
 *(.debug_typenames)

.debug_varnames
 *(.debug_varnames)

.debug_pubtypes
 *(.debug_pubtypes)

.debug_ranges   0x00000000       0x88
 *(.debug_ranges)
 .debug_ranges  0x00000000       0x10 App/Main/main.o
 .debug_ranges  0x00000010       0x10 HAL/BUTTON/Button.o
 .debug_ranges  0x00000020       0x10 HAL/BUZZER/Buzzer.o
 .debug_ranges  0x00000030       0x10 HAL/SEVEN_SEG/SEVEN_SEG.o
 .debug_ranges  0x00000040       0x38 MCAL/DIO/DIO_CORE.o
 .debug_ranges  0x00000078       0x10 MCAL/PORT/PORT_CORE.o

.debug_macro
 *(.debug_macro)
OUTPUT(COTS.elf elf32-avr)
LOAD linker stubs
