Archive member included to satisfy reference by file (symbol)

c:/program files (x86)/atmel/studio/7.0/toolchain/avr8/avr8-gnu-toolchain/bin/../lib/gcc/avr/5.4.0/avr5\libgcc.a(_mulsi3.o)
                              HAL/Battery_Volt_Management/BVM_Core.o (__mulsi3)
c:/program files (x86)/atmel/studio/7.0/toolchain/avr8/avr8-gnu-toolchain/bin/../lib/gcc/avr/5.4.0/avr5\libgcc.a(_divmodhi4.o)
                              MCAL/PWM/PWM_Core.o (__divmodhi4)
c:/program files (x86)/atmel/studio/7.0/toolchain/avr8/avr8-gnu-toolchain/bin/../lib/gcc/avr/5.4.0/avr5\libgcc.a(_udivmodsi4.o)
                              HAL/Battery_Volt_Management/BVM_Core.o (__udivmodsi4)
c:/program files (x86)/atmel/studio/7.0/toolchain/avr8/avr8-gnu-toolchain/bin/../lib/gcc/avr/5.4.0/avr5\libgcc.a(_divmodsi4.o)
                              HAL/Calculator/Calculator_Core.o (__divmodsi4)
c:/program files (x86)/atmel/studio/7.0/toolchain/avr8/avr8-gnu-toolchain/bin/../lib/gcc/avr/5.4.0/avr5\libgcc.a(_negsi2.o)
                              c:/program files (x86)/atmel/studio/7.0/toolchain/avr8/avr8-gnu-toolchain/bin/../lib/gcc/avr/5.4.0/avr5\libgcc.a(_divmodsi4.o) (__negsi2)
c:/program files (x86)/atmel/studio/7.0/toolchain/avr8/avr8-gnu-toolchain/bin/../lib/gcc/avr/5.4.0/avr5\libgcc.a(_exit.o)
                              C:/Program Files (x86)/Atmel/Studio/7.0/Packs/atmel/ATmega_DFP/1.7.374/gcc/dev/atmega32/avr5/crtatmega32.o (exit)
c:/program files (x86)/atmel/studio/7.0/toolchain/avr8/avr8-gnu-toolchain/bin/../lib/gcc/avr/5.4.0/avr5\libgcc.a(_copy_data.o)
                              App/CFGH/HAL_CFG/KeyPad_Cfg/KeyPad_Cfg.o (__do_copy_data)
c:/program files (x86)/atmel/studio/7.0/toolchain/avr8/avr8-gnu-toolchain/bin/../lib/gcc/avr/5.4.0/avr5\libgcc.a(_clear_bss.o)
                              HAL/Battery_Volt_Management/BVM_Core.o (__do_clear_bss)
c:/program files (x86)/atmel/studio/7.0/toolchain/avr8/avr8-gnu-toolchain/bin/../lib/gcc/avr/5.4.0/avr5\libgcc.a(_umulhisi3.o)
                              MCAL/ADC/ADC_Core.o (__umulhisi3)
c:/program files (x86)/atmel/studio/7.0/toolchain/avr8/avr8-gnu-toolchain/bin/../lib/gcc/avr/5.4.0/avr5\libgcc.a(_muluhisi3.o)
                              c:/program files (x86)/atmel/studio/7.0/toolchain/avr8/avr8-gnu-toolchain/bin/../lib/gcc/avr/5.4.0/avr5\libgcc.a(_mulsi3.o) (__muluhisi3)
c:/program files (x86)/atmel/studio/7.0/toolchain/avr8/avr8-gnu-toolchain/bin/../lib/gcc/avr/5.4.0/avr5\libgcc.a(_udivmodhi4.o)
                              c:/program files (x86)/atmel/studio/7.0/toolchain/avr8/avr8-gnu-toolchain/bin/../lib/gcc/avr/5.4.0/avr5\libgcc.a(_divmodhi4.o) (__udivmodhi4)

Discarded input sections

 .data          0x00000000        0x0 C:/Program Files (x86)/Atmel/Studio/7.0/Packs/atmel/ATmega_DFP/1.7.374/gcc/dev/atmega32/avr5/crtatmega32.o
 .bss           0x00000000        0x0 C:/Program Files (x86)/Atmel/Studio/7.0/Packs/atmel/ATmega_DFP/1.7.374/gcc/dev/atmega32/avr5/crtatmega32.o
 .text          0x00000000        0x0 App/CFGH/HAL_CFG/KeyPad_Cfg/KeyPad_Cfg.o
 .data          0x00000000        0x0 App/CFGH/HAL_CFG/KeyPad_Cfg/KeyPad_Cfg.o
 .bss           0x00000000        0x0 App/CFGH/HAL_CFG/KeyPad_Cfg/KeyPad_Cfg.o
 .data.KEYPAD_Val
                0x00000000       0x10 App/CFGH/HAL_CFG/KeyPad_Cfg/KeyPad_Cfg.o
 .debug_info    0x00000000       0xac App/CFGH/HAL_CFG/KeyPad_Cfg/KeyPad_Cfg.o
 .debug_abbrev  0x00000000       0x56 App/CFGH/HAL_CFG/KeyPad_Cfg/KeyPad_Cfg.o
 .debug_aranges
                0x00000000       0x18 App/CFGH/HAL_CFG/KeyPad_Cfg/KeyPad_Cfg.o
 .debug_line    0x00000000       0x5c App/CFGH/HAL_CFG/KeyPad_Cfg/KeyPad_Cfg.o
 .debug_str     0x00000000      0x1ab App/CFGH/HAL_CFG/KeyPad_Cfg/KeyPad_Cfg.o
 .comment       0x00000000       0x31 App/CFGH/HAL_CFG/KeyPad_Cfg/KeyPad_Cfg.o
 .text          0x00000000        0x0 App/CFGH/MCAL_CFG/PORT_CFG/PORT_LCFG.o
 .data          0x00000000        0x0 App/CFGH/MCAL_CFG/PORT_CFG/PORT_LCFG.o
 .bss           0x00000000        0x0 App/CFGH/MCAL_CFG/PORT_CFG/PORT_LCFG.o
 .text          0x00000000        0x0 App/Main/main.o
 .data          0x00000000        0x0 App/Main/main.o
 .bss           0x00000000        0x0 App/Main/main.o
 .text.GREEN    0x00000000        0x8 App/Main/main.o
 .text          0x00000000        0x0 HAL/Battery_Volt_Management/BVM_Core.o
 .data          0x00000000        0x0 HAL/Battery_Volt_Management/BVM_Core.o
 .bss           0x00000000        0x0 HAL/Battery_Volt_Management/BVM_Core.o
 .text.BVM_Init
                0x00000000        0x6 HAL/Battery_Volt_Management/BVM_Core.o
 .text.BVM_Read
                0x00000000      0x14a HAL/Battery_Volt_Management/BVM_Core.o
 .bss.BVM_Reading.1792
                0x00000000        0x4 HAL/Battery_Volt_Management/BVM_Core.o
 .bss.arr       0x00000000       0x14 HAL/Battery_Volt_Management/BVM_Core.o
 .debug_info    0x00000000      0x253 HAL/Battery_Volt_Management/BVM_Core.o
 .debug_abbrev  0x00000000      0x16a HAL/Battery_Volt_Management/BVM_Core.o
 .debug_loc     0x00000000      0x159 HAL/Battery_Volt_Management/BVM_Core.o
 .debug_aranges
                0x00000000       0x28 HAL/Battery_Volt_Management/BVM_Core.o
 .debug_ranges  0x00000000       0x18 HAL/Battery_Volt_Management/BVM_Core.o
 .debug_line    0x00000000      0x218 HAL/Battery_Volt_Management/BVM_Core.o
 .debug_str     0x00000000      0x266 HAL/Battery_Volt_Management/BVM_Core.o
 .comment       0x00000000       0x31 HAL/Battery_Volt_Management/BVM_Core.o
 .debug_frame   0x00000000       0x5c HAL/Battery_Volt_Management/BVM_Core.o
 .text          0x00000000        0x0 HAL/BTN/BTN.o
 .data          0x00000000        0x0 HAL/BTN/BTN.o
 .bss           0x00000000        0x0 HAL/BTN/BTN.o
 .text.BTN_GetValue
                0x00000000       0x4e HAL/BTN/BTN.o
 .debug_info    0x00000000      0x197 HAL/BTN/BTN.o
 .debug_abbrev  0x00000000      0x111 HAL/BTN/BTN.o
 .debug_loc     0x00000000       0xc9 HAL/BTN/BTN.o
 .debug_aranges
                0x00000000       0x20 HAL/BTN/BTN.o
 .debug_ranges  0x00000000       0x10 HAL/BTN/BTN.o
 .debug_line    0x00000000      0x163 HAL/BTN/BTN.o
 .debug_str     0x00000000      0x1f4 HAL/BTN/BTN.o
 .comment       0x00000000       0x31 HAL/BTN/BTN.o
 .debug_frame   0x00000000       0x3c HAL/BTN/BTN.o
 .text          0x00000000        0x0 HAL/BUZZER/BUZZER.o
 .data          0x00000000        0x0 HAL/BUZZER/BUZZER.o
 .bss           0x00000000        0x0 HAL/BUZZER/BUZZER.o
 .text.BUZZER_SET_VALUE
                0x00000000        0xa HAL/BUZZER/BUZZER.o
 .text.BUZZER_toggle
                0x00000000        0x8 HAL/BUZZER/BUZZER.o
 .debug_info    0x00000000      0x126 HAL/BUZZER/BUZZER.o
 .debug_abbrev  0x00000000       0xa3 HAL/BUZZER/BUZZER.o
 .debug_loc     0x00000000       0x2c HAL/BUZZER/BUZZER.o
 .debug_aranges
                0x00000000       0x28 HAL/BUZZER/BUZZER.o
 .debug_ranges  0x00000000       0x18 HAL/BUZZER/BUZZER.o
 .debug_line    0x00000000       0x87 HAL/BUZZER/BUZZER.o
 .debug_str     0x00000000      0x1ef HAL/BUZZER/BUZZER.o
 .comment       0x00000000       0x31 HAL/BUZZER/BUZZER.o
 .debug_frame   0x00000000       0x34 HAL/BUZZER/BUZZER.o
 .text          0x00000000        0x0 HAL/Calculator/Calculator_Core.o
 .data          0x00000000        0x0 HAL/Calculator/Calculator_Core.o
 .bss           0x00000000        0x0 HAL/Calculator/Calculator_Core.o
 .text.Calculator
                0x00000000      0x2d0 HAL/Calculator/Calculator_Core.o
 .bss.Value     0x00000000       0x28 HAL/Calculator/Calculator_Core.o
 .bss.cnt       0x00000000        0x1 HAL/Calculator/Calculator_Core.o
 .bss.i         0x00000000        0x1 HAL/Calculator/Calculator_Core.o
 .bss.operation
                0x00000000        0xa HAL/Calculator/Calculator_Core.o
 .bss.Button_val
                0x00000000        0x1 HAL/Calculator/Calculator_Core.o
 .debug_info    0x00000000      0x20d HAL/Calculator/Calculator_Core.o
 .debug_abbrev  0x00000000       0xc0 HAL/Calculator/Calculator_Core.o
 .debug_aranges
                0x00000000       0x20 HAL/Calculator/Calculator_Core.o
 .debug_ranges  0x00000000       0x10 HAL/Calculator/Calculator_Core.o
 .debug_line    0x00000000      0x1e8 HAL/Calculator/Calculator_Core.o
 .debug_str     0x00000000      0x222 HAL/Calculator/Calculator_Core.o
 .comment       0x00000000       0x31 HAL/Calculator/Calculator_Core.o
 .debug_frame   0x00000000       0x24 HAL/Calculator/Calculator_Core.o
 .text          0x00000000        0x0 HAL/DC_MOTOR/DC_MOTOR_Core.o
 .data          0x00000000        0x0 HAL/DC_MOTOR/DC_MOTOR_Core.o
 .bss           0x00000000        0x0 HAL/DC_MOTOR/DC_MOTOR_Core.o
 .text.DC_MOTOR_Init
                0x00000000        0x6 HAL/DC_MOTOR/DC_MOTOR_Core.o
 .text.DC_MOTOR_Direction
                0x00000000       0x2c HAL/DC_MOTOR/DC_MOTOR_Core.o
 .text.DC_MOTOR_Speed
                0x00000000        0x6 HAL/DC_MOTOR/DC_MOTOR_Core.o
 .text.DC_Motor_Stop
                0x00000000       0x12 HAL/DC_MOTOR/DC_MOTOR_Core.o
 .debug_info    0x00000000      0x1fd HAL/DC_MOTOR/DC_MOTOR_Core.o
 .debug_abbrev  0x00000000       0xb9 HAL/DC_MOTOR/DC_MOTOR_Core.o
 .debug_loc     0x00000000       0x5b HAL/DC_MOTOR/DC_MOTOR_Core.o
 .debug_aranges
                0x00000000       0x38 HAL/DC_MOTOR/DC_MOTOR_Core.o
 .debug_ranges  0x00000000       0x28 HAL/DC_MOTOR/DC_MOTOR_Core.o
 .debug_line    0x00000000      0x116 HAL/DC_MOTOR/DC_MOTOR_Core.o
 .debug_str     0x00000000      0x1f2 HAL/DC_MOTOR/DC_MOTOR_Core.o
 .comment       0x00000000       0x31 HAL/DC_MOTOR/DC_MOTOR_Core.o
 .debug_frame   0x00000000       0x54 HAL/DC_MOTOR/DC_MOTOR_Core.o
 .text          0x00000000        0x0 HAL/KeyPad/KeyPad_Core.o
 .data          0x00000000        0x0 HAL/KeyPad/KeyPad_Core.o
 .bss           0x00000000        0x0 HAL/KeyPad/KeyPad_Core.o
 .text.KEYPAD_Init
                0x00000000       0x22 HAL/KeyPad/KeyPad_Core.o
 .text.KEYPAD_GetValule
                0x00000000       0x9c HAL/KeyPad/KeyPad_Core.o
 .debug_info    0x00000000      0x2a0 HAL/KeyPad/KeyPad_Core.o
 .debug_abbrev  0x00000000      0x166 HAL/KeyPad/KeyPad_Core.o
 .debug_loc     0x00000000      0x137 HAL/KeyPad/KeyPad_Core.o
 .debug_aranges
                0x00000000       0x28 HAL/KeyPad/KeyPad_Core.o
 .debug_ranges  0x00000000       0x18 HAL/KeyPad/KeyPad_Core.o
 .debug_line    0x00000000      0x1fc HAL/KeyPad/KeyPad_Core.o
 .debug_str     0x00000000      0x24e HAL/KeyPad/KeyPad_Core.o
 .comment       0x00000000       0x31 HAL/KeyPad/KeyPad_Core.o
 .debug_frame   0x00000000       0x54 HAL/KeyPad/KeyPad_Core.o
 .text          0x00000000        0x0 HAL/LCD/LCD_Core.o
 .data          0x00000000        0x0 HAL/LCD/LCD_Core.o
 .bss           0x00000000        0x0 HAL/LCD/LCD_Core.o
 .text.LCD_WriteCommand
                0x00000000       0xb6 HAL/LCD/LCD_Core.o
 .text.LCD_Init
                0x00000000       0x2c HAL/LCD/LCD_Core.o
 .text.LCD_WriteChar
                0x00000000       0xb6 HAL/LCD/LCD_Core.o
 .text.LCD_WriteString
                0x00000000       0x26 HAL/LCD/LCD_Core.o
 .text.LCD_WriteInteger
                0x00000000       0xde HAL/LCD/LCD_Core.o
 .text.LCD_WriteClear
                0x00000000       0x14 HAL/LCD/LCD_Core.o
 .text.LCD_GoTo
                0x00000000       0x30 HAL/LCD/LCD_Core.o
 .text.Custom_char
                0x00000000       0x54 HAL/LCD/LCD_Core.o
 .data.Custom_char_
                0x00000000       0x40 HAL/LCD/LCD_Core.o
 .debug_info    0x00000000      0x765 HAL/LCD/LCD_Core.o
 .debug_abbrev  0x00000000      0x1dd HAL/LCD/LCD_Core.o
 .debug_loc     0x00000000      0x5df HAL/LCD/LCD_Core.o
 .debug_aranges
                0x00000000       0x58 HAL/LCD/LCD_Core.o
 .debug_ranges  0x00000000       0x48 HAL/LCD/LCD_Core.o
 .debug_line    0x00000000      0x3a6 HAL/LCD/LCD_Core.o
 .debug_str     0x00000000      0x2c6 HAL/LCD/LCD_Core.o
 .comment       0x00000000       0x31 HAL/LCD/LCD_Core.o
 .debug_frame   0x00000000      0x120 HAL/LCD/LCD_Core.o
 .text          0x00000000        0x0 HAL/LED/LED.o
 .data          0x00000000        0x0 HAL/LED/LED.o
 .bss           0x00000000        0x0 HAL/LED/LED.o
 .text.LED_SetValue
                0x00000000        0x6 HAL/LED/LED.o
 .text          0x00000000        0x0 HAL/SERVO_MOTOR/SERVO_MOTOR_Core.o
 .data          0x00000000        0x0 HAL/SERVO_MOTOR/SERVO_MOTOR_Core.o
 .bss           0x00000000        0x0 HAL/SERVO_MOTOR/SERVO_MOTOR_Core.o
 .text.Servo_Init
                0x00000000        0x6 HAL/SERVO_MOTOR/SERVO_MOTOR_Core.o
 .text.Servo_Generate
                0x00000000        0x8 HAL/SERVO_MOTOR/SERVO_MOTOR_Core.o
 .debug_info    0x00000000       0xf5 HAL/SERVO_MOTOR/SERVO_MOTOR_Core.o
 .debug_abbrev  0x00000000       0x8b HAL/SERVO_MOTOR/SERVO_MOTOR_Core.o
 .debug_loc     0x00000000       0x42 HAL/SERVO_MOTOR/SERVO_MOTOR_Core.o
 .debug_aranges
                0x00000000       0x28 HAL/SERVO_MOTOR/SERVO_MOTOR_Core.o
 .debug_ranges  0x00000000       0x18 HAL/SERVO_MOTOR/SERVO_MOTOR_Core.o
 .debug_line    0x00000000       0x9d HAL/SERVO_MOTOR/SERVO_MOTOR_Core.o
 .debug_str     0x00000000      0x1a1 HAL/SERVO_MOTOR/SERVO_MOTOR_Core.o
 .comment       0x00000000       0x31 HAL/SERVO_MOTOR/SERVO_MOTOR_Core.o
 .debug_frame   0x00000000       0x34 HAL/SERVO_MOTOR/SERVO_MOTOR_Core.o
 .text          0x00000000        0x0 HAL/SevSeg/SevSeg_Core.o
 .data          0x00000000        0x0 HAL/SevSeg/SevSeg_Core.o
 .bss           0x00000000        0x0 HAL/SevSeg/SevSeg_Core.o
 .text.SevSeg_Display
                0x00000000       0x82 HAL/SevSeg/SevSeg_Core.o
 .rodata.Seven_Segment_Values_g
                0x00000000        0xa HAL/SevSeg/SevSeg_Core.o
 .debug_info    0x00000000      0x250 HAL/SevSeg/SevSeg_Core.o
 .debug_abbrev  0x00000000      0x140 HAL/SevSeg/SevSeg_Core.o
 .debug_loc     0x00000000       0xe7 HAL/SevSeg/SevSeg_Core.o
 .debug_aranges
                0x00000000       0x20 HAL/SevSeg/SevSeg_Core.o
 .debug_ranges  0x00000000       0x10 HAL/SevSeg/SevSeg_Core.o
 .debug_line    0x00000000      0x180 HAL/SevSeg/SevSeg_Core.o
 .debug_str     0x00000000      0x230 HAL/SevSeg/SevSeg_Core.o
 .comment       0x00000000       0x31 HAL/SevSeg/SevSeg_Core.o
 .debug_frame   0x00000000       0x30 HAL/SevSeg/SevSeg_Core.o
 .text          0x00000000        0x0 HAL/TempSensor/TempSesnor_Core.o
 .data          0x00000000        0x0 HAL/TempSensor/TempSesnor_Core.o
 .bss           0x00000000        0x0 HAL/TempSensor/TempSesnor_Core.o
 .text.TempSensor_Init
                0x00000000        0x6 HAL/TempSensor/TempSesnor_Core.o
 .text.TempSensor_Read
                0x00000000       0xf8 HAL/TempSensor/TempSesnor_Core.o
 .bss.arr       0x00000000       0x14 HAL/TempSensor/TempSesnor_Core.o
 .debug_info    0x00000000      0x152 HAL/TempSensor/TempSesnor_Core.o
 .debug_abbrev  0x00000000       0xde HAL/TempSensor/TempSesnor_Core.o
 .debug_loc     0x00000000      0x111 HAL/TempSensor/TempSesnor_Core.o
 .debug_aranges
                0x00000000       0x28 HAL/TempSensor/TempSesnor_Core.o
 .debug_ranges  0x00000000       0x18 HAL/TempSensor/TempSesnor_Core.o
 .debug_line    0x00000000      0x10e HAL/TempSensor/TempSesnor_Core.o
 .debug_str     0x00000000      0x1c4 HAL/TempSensor/TempSesnor_Core.o
 .comment       0x00000000       0x31 HAL/TempSensor/TempSesnor_Core.o
 .debug_frame   0x00000000       0x5c HAL/TempSensor/TempSesnor_Core.o
 .text          0x00000000        0x0 MCAL/ADC/ADC_Core.o
 .data          0x00000000        0x0 MCAL/ADC/ADC_Core.o
 .bss           0x00000000        0x0 MCAL/ADC/ADC_Core.o
 .text.ADC_Init
                0x00000000       0x34 MCAL/ADC/ADC_Core.o
 .text.ADC_Read
                0x00000000       0x34 MCAL/ADC/ADC_Core.o
 .text          0x00000000        0x0 MCAL/DIO/DIO_Core.o
 .data          0x00000000        0x0 MCAL/DIO/DIO_Core.o
 .bss           0x00000000        0x0 MCAL/DIO/DIO_Core.o
 .text.DIO_WriteChennel
                0x00000000      0x10e MCAL/DIO/DIO_Core.o
 .text.DIO_ReadChennel
                0x00000000       0x82 MCAL/DIO/DIO_Core.o
 .text.DIO_WritePort
                0x00000000       0x26 MCAL/DIO/DIO_Core.o
 .text.DIO_ReadPort
                0x00000000       0x36 MCAL/DIO/DIO_Core.o
 .text.DIO_ReadOutPutPort
                0x00000000       0x36 MCAL/DIO/DIO_Core.o
 .text          0x00000000        0x0 MCAL/IRQH/IRQH_Core.o
 .data          0x00000000        0x0 MCAL/IRQH/IRQH_Core.o
 .bss           0x00000000        0x0 MCAL/IRQH/IRQH_Core.o
 .text.IRQH_SetExternalINT
                0x00000000       0x14 MCAL/IRQH/IRQH_Core.o
 .text          0x00000000        0x0 MCAL/PORT/PORT_Core.o
 .data          0x00000000        0x0 MCAL/PORT/PORT_Core.o
 .bss           0x00000000        0x0 MCAL/PORT/PORT_Core.o
 .text          0x00000000        0x0 MCAL/PWM/PWM_Core.o
 .data          0x00000000        0x0 MCAL/PWM/PWM_Core.o
 .bss           0x00000000        0x0 MCAL/PWM/PWM_Core.o
 .text.PWM_Init
                0x00000000       0x2c MCAL/PWM/PWM_Core.o
 .text.PWM0_Generate
                0x00000000       0x18 MCAL/PWM/PWM_Core.o
 .text.PWM1_Generate
                0x00000000       0x58 MCAL/PWM/PWM_Core.o
 .debug_info    0x00000000       0xed MCAL/PWM/PWM_Core.o
 .debug_abbrev  0x00000000       0x87 MCAL/PWM/PWM_Core.o
 .debug_loc     0x00000000       0x92 MCAL/PWM/PWM_Core.o
 .debug_aranges
                0x00000000       0x30 MCAL/PWM/PWM_Core.o
 .debug_ranges  0x00000000       0x20 MCAL/PWM/PWM_Core.o
 .debug_line    0x00000000       0xc7 MCAL/PWM/PWM_Core.o
 .debug_str     0x00000000      0x18e MCAL/PWM/PWM_Core.o
 .comment       0x00000000       0x31 MCAL/PWM/PWM_Core.o
 .debug_frame   0x00000000       0x4c MCAL/PWM/PWM_Core.o
 .text          0x00000000        0x0 MCAL/TIMER/TIMER_CORE.o
 .data          0x00000000        0x0 MCAL/TIMER/TIMER_CORE.o
 .bss           0x00000000        0x0 MCAL/TIMER/TIMER_CORE.o
 .text          0x00000000        0x0 c:/program files (x86)/atmel/studio/7.0/toolchain/avr8/avr8-gnu-toolchain/bin/../lib/gcc/avr/5.4.0/avr5\libgcc.a(_mulsi3.o)
 .data          0x00000000        0x0 c:/program files (x86)/atmel/studio/7.0/toolchain/avr8/avr8-gnu-toolchain/bin/../lib/gcc/avr/5.4.0/avr5\libgcc.a(_mulsi3.o)
 .bss           0x00000000        0x0 c:/program files (x86)/atmel/studio/7.0/toolchain/avr8/avr8-gnu-toolchain/bin/../lib/gcc/avr/5.4.0/avr5\libgcc.a(_mulsi3.o)
 .text.libgcc.mul
                0x00000000       0x20 c:/program files (x86)/atmel/studio/7.0/toolchain/avr8/avr8-gnu-toolchain/bin/../lib/gcc/avr/5.4.0/avr5\libgcc.a(_mulsi3.o)
 .text.libgcc.div
                0x00000000        0x0 c:/program files (x86)/atmel/studio/7.0/toolchain/avr8/avr8-gnu-toolchain/bin/../lib/gcc/avr/5.4.0/avr5\libgcc.a(_mulsi3.o)
 .text.libgcc   0x00000000        0x0 c:/program files (x86)/atmel/studio/7.0/toolchain/avr8/avr8-gnu-toolchain/bin/../lib/gcc/avr/5.4.0/avr5\libgcc.a(_mulsi3.o)
 .text.libgcc.prologue
                0x00000000        0x0 c:/program files (x86)/atmel/studio/7.0/toolchain/avr8/avr8-gnu-toolchain/bin/../lib/gcc/avr/5.4.0/avr5\libgcc.a(_mulsi3.o)
 .text.libgcc.builtins
                0x00000000        0x0 c:/program files (x86)/atmel/studio/7.0/toolchain/avr8/avr8-gnu-toolchain/bin/../lib/gcc/avr/5.4.0/avr5\libgcc.a(_mulsi3.o)
 .text.libgcc.fmul
                0x00000000        0x0 c:/program files (x86)/atmel/studio/7.0/toolchain/avr8/avr8-gnu-toolchain/bin/../lib/gcc/avr/5.4.0/avr5\libgcc.a(_mulsi3.o)
 .text.libgcc.fixed
                0x00000000        0x0 c:/program files (x86)/atmel/studio/7.0/toolchain/avr8/avr8-gnu-toolchain/bin/../lib/gcc/avr/5.4.0/avr5\libgcc.a(_mulsi3.o)
 .text          0x00000000        0x0 c:/program files (x86)/atmel/studio/7.0/toolchain/avr8/avr8-gnu-toolchain/bin/../lib/gcc/avr/5.4.0/avr5\libgcc.a(_divmodhi4.o)
 .data          0x00000000        0x0 c:/program files (x86)/atmel/studio/7.0/toolchain/avr8/avr8-gnu-toolchain/bin/../lib/gcc/avr/5.4.0/avr5\libgcc.a(_divmodhi4.o)
 .bss           0x00000000        0x0 c:/program files (x86)/atmel/studio/7.0/toolchain/avr8/avr8-gnu-toolchain/bin/../lib/gcc/avr/5.4.0/avr5\libgcc.a(_divmodhi4.o)
 .text.libgcc.mul
                0x00000000        0x0 c:/program files (x86)/atmel/studio/7.0/toolchain/avr8/avr8-gnu-toolchain/bin/../lib/gcc/avr/5.4.0/avr5\libgcc.a(_divmodhi4.o)
 .text.libgcc.div
                0x00000000       0x28 c:/program files (x86)/atmel/studio/7.0/toolchain/avr8/avr8-gnu-toolchain/bin/../lib/gcc/avr/5.4.0/avr5\libgcc.a(_divmodhi4.o)
 .text.libgcc   0x00000000        0x0 c:/program files (x86)/atmel/studio/7.0/toolchain/avr8/avr8-gnu-toolchain/bin/../lib/gcc/avr/5.4.0/avr5\libgcc.a(_divmodhi4.o)
 .text.libgcc.prologue
                0x00000000        0x0 c:/program files (x86)/atmel/studio/7.0/toolchain/avr8/avr8-gnu-toolchain/bin/../lib/gcc/avr/5.4.0/avr5\libgcc.a(_divmodhi4.o)
 .text.libgcc.builtins
                0x00000000        0x0 c:/program files (x86)/atmel/studio/7.0/toolchain/avr8/avr8-gnu-toolchain/bin/../lib/gcc/avr/5.4.0/avr5\libgcc.a(_divmodhi4.o)
 .text.libgcc.fmul
                0x00000000        0x0 c:/program files (x86)/atmel/studio/7.0/toolchain/avr8/avr8-gnu-toolchain/bin/../lib/gcc/avr/5.4.0/avr5\libgcc.a(_divmodhi4.o)
 .text.libgcc.fixed
                0x00000000        0x0 c:/program files (x86)/atmel/studio/7.0/toolchain/avr8/avr8-gnu-toolchain/bin/../lib/gcc/avr/5.4.0/avr5\libgcc.a(_divmodhi4.o)
 .text          0x00000000        0x0 c:/program files (x86)/atmel/studio/7.0/toolchain/avr8/avr8-gnu-toolchain/bin/../lib/gcc/avr/5.4.0/avr5\libgcc.a(_udivmodsi4.o)
 .data          0x00000000        0x0 c:/program files (x86)/atmel/studio/7.0/toolchain/avr8/avr8-gnu-toolchain/bin/../lib/gcc/avr/5.4.0/avr5\libgcc.a(_udivmodsi4.o)
 .bss           0x00000000        0x0 c:/program files (x86)/atmel/studio/7.0/toolchain/avr8/avr8-gnu-toolchain/bin/../lib/gcc/avr/5.4.0/avr5\libgcc.a(_udivmodsi4.o)
 .text.libgcc.mul
                0x00000000        0x0 c:/program files (x86)/atmel/studio/7.0/toolchain/avr8/avr8-gnu-toolchain/bin/../lib/gcc/avr/5.4.0/avr5\libgcc.a(_udivmodsi4.o)
 .text.libgcc   0x00000000        0x0 c:/program files (x86)/atmel/studio/7.0/toolchain/avr8/avr8-gnu-toolchain/bin/../lib/gcc/avr/5.4.0/avr5\libgcc.a(_udivmodsi4.o)
 .text.libgcc.prologue
                0x00000000        0x0 c:/program files (x86)/atmel/studio/7.0/toolchain/avr8/avr8-gnu-toolchain/bin/../lib/gcc/avr/5.4.0/avr5\libgcc.a(_udivmodsi4.o)
 .text.libgcc.builtins
                0x00000000        0x0 c:/program files (x86)/atmel/studio/7.0/toolchain/avr8/avr8-gnu-toolchain/bin/../lib/gcc/avr/5.4.0/avr5\libgcc.a(_udivmodsi4.o)
 .text.libgcc.fmul
                0x00000000        0x0 c:/program files (x86)/atmel/studio/7.0/toolchain/avr8/avr8-gnu-toolchain/bin/../lib/gcc/avr/5.4.0/avr5\libgcc.a(_udivmodsi4.o)
 .text.libgcc.fixed
                0x00000000        0x0 c:/program files (x86)/atmel/studio/7.0/toolchain/avr8/avr8-gnu-toolchain/bin/../lib/gcc/avr/5.4.0/avr5\libgcc.a(_udivmodsi4.o)
 .text          0x00000000        0x0 c:/program files (x86)/atmel/studio/7.0/toolchain/avr8/avr8-gnu-toolchain/bin/../lib/gcc/avr/5.4.0/avr5\libgcc.a(_divmodsi4.o)
 .data          0x00000000        0x0 c:/program files (x86)/atmel/studio/7.0/toolchain/avr8/avr8-gnu-toolchain/bin/../lib/gcc/avr/5.4.0/avr5\libgcc.a(_divmodsi4.o)
 .bss           0x00000000        0x0 c:/program files (x86)/atmel/studio/7.0/toolchain/avr8/avr8-gnu-toolchain/bin/../lib/gcc/avr/5.4.0/avr5\libgcc.a(_divmodsi4.o)
 .text.libgcc.mul
                0x00000000        0x0 c:/program files (x86)/atmel/studio/7.0/toolchain/avr8/avr8-gnu-toolchain/bin/../lib/gcc/avr/5.4.0/avr5\libgcc.a(_divmodsi4.o)
 .text.libgcc.div
                0x00000000       0x2e c:/program files (x86)/atmel/studio/7.0/toolchain/avr8/avr8-gnu-toolchain/bin/../lib/gcc/avr/5.4.0/avr5\libgcc.a(_divmodsi4.o)
 .text.libgcc   0x00000000        0x0 c:/program files (x86)/atmel/studio/7.0/toolchain/avr8/avr8-gnu-toolchain/bin/../lib/gcc/avr/5.4.0/avr5\libgcc.a(_divmodsi4.o)
 .text.libgcc.prologue
                0x00000000        0x0 c:/program files (x86)/atmel/studio/7.0/toolchain/avr8/avr8-gnu-toolchain/bin/../lib/gcc/avr/5.4.0/avr5\libgcc.a(_divmodsi4.o)
 .text.libgcc.builtins
                0x00000000        0x0 c:/program files (x86)/atmel/studio/7.0/toolchain/avr8/avr8-gnu-toolchain/bin/../lib/gcc/avr/5.4.0/avr5\libgcc.a(_divmodsi4.o)
 .text.libgcc.fmul
                0x00000000        0x0 c:/program files (x86)/atmel/studio/7.0/toolchain/avr8/avr8-gnu-toolchain/bin/../lib/gcc/avr/5.4.0/avr5\libgcc.a(_divmodsi4.o)
 .text.libgcc.fixed
                0x00000000        0x0 c:/program files (x86)/atmel/studio/7.0/toolchain/avr8/avr8-gnu-toolchain/bin/../lib/gcc/avr/5.4.0/avr5\libgcc.a(_divmodsi4.o)
 .text          0x00000000        0x0 c:/program files (x86)/atmel/studio/7.0/toolchain/avr8/avr8-gnu-toolchain/bin/../lib/gcc/avr/5.4.0/avr5\libgcc.a(_negsi2.o)
 .data          0x00000000        0x0 c:/program files (x86)/atmel/studio/7.0/toolchain/avr8/avr8-gnu-toolchain/bin/../lib/gcc/avr/5.4.0/avr5\libgcc.a(_negsi2.o)
 .bss           0x00000000        0x0 c:/program files (x86)/atmel/studio/7.0/toolchain/avr8/avr8-gnu-toolchain/bin/../lib/gcc/avr/5.4.0/avr5\libgcc.a(_negsi2.o)
 .text.libgcc.mul
                0x00000000        0x0 c:/program files (x86)/atmel/studio/7.0/toolchain/avr8/avr8-gnu-toolchain/bin/../lib/gcc/avr/5.4.0/avr5\libgcc.a(_negsi2.o)
 .text.libgcc.div
                0x00000000       0x10 c:/program files (x86)/atmel/studio/7.0/toolchain/avr8/avr8-gnu-toolchain/bin/../lib/gcc/avr/5.4.0/avr5\libgcc.a(_negsi2.o)
 .text.libgcc   0x00000000        0x0 c:/program files (x86)/atmel/studio/7.0/toolchain/avr8/avr8-gnu-toolchain/bin/../lib/gcc/avr/5.4.0/avr5\libgcc.a(_negsi2.o)
 .text.libgcc.prologue
                0x00000000        0x0 c:/program files (x86)/atmel/studio/7.0/toolchain/avr8/avr8-gnu-toolchain/bin/../lib/gcc/avr/5.4.0/avr5\libgcc.a(_negsi2.o)
 .text.libgcc.builtins
                0x00000000        0x0 c:/program files (x86)/atmel/studio/7.0/toolchain/avr8/avr8-gnu-toolchain/bin/../lib/gcc/avr/5.4.0/avr5\libgcc.a(_negsi2.o)
 .text.libgcc.fmul
                0x00000000        0x0 c:/program files (x86)/atmel/studio/7.0/toolchain/avr8/avr8-gnu-toolchain/bin/../lib/gcc/avr/5.4.0/avr5\libgcc.a(_negsi2.o)
 .text.libgcc.fixed
                0x00000000        0x0 c:/program files (x86)/atmel/studio/7.0/toolchain/avr8/avr8-gnu-toolchain/bin/../lib/gcc/avr/5.4.0/avr5\libgcc.a(_negsi2.o)
 .text          0x00000000        0x0 c:/program files (x86)/atmel/studio/7.0/toolchain/avr8/avr8-gnu-toolchain/bin/../lib/gcc/avr/5.4.0/avr5\libgcc.a(_exit.o)
 .data          0x00000000        0x0 c:/program files (x86)/atmel/studio/7.0/toolchain/avr8/avr8-gnu-toolchain/bin/../lib/gcc/avr/5.4.0/avr5\libgcc.a(_exit.o)
 .bss           0x00000000        0x0 c:/program files (x86)/atmel/studio/7.0/toolchain/avr8/avr8-gnu-toolchain/bin/../lib/gcc/avr/5.4.0/avr5\libgcc.a(_exit.o)
 .text.libgcc.mul
                0x00000000        0x0 c:/program files (x86)/atmel/studio/7.0/toolchain/avr8/avr8-gnu-toolchain/bin/../lib/gcc/avr/5.4.0/avr5\libgcc.a(_exit.o)
 .text.libgcc.div
                0x00000000        0x0 c:/program files (x86)/atmel/studio/7.0/toolchain/avr8/avr8-gnu-toolchain/bin/../lib/gcc/avr/5.4.0/avr5\libgcc.a(_exit.o)
 .text.libgcc   0x00000000        0x0 c:/program files (x86)/atmel/studio/7.0/toolchain/avr8/avr8-gnu-toolchain/bin/../lib/gcc/avr/5.4.0/avr5\libgcc.a(_exit.o)
 .text.libgcc.prologue
                0x00000000        0x0 c:/program files (x86)/atmel/studio/7.0/toolchain/avr8/avr8-gnu-toolchain/bin/../lib/gcc/avr/5.4.0/avr5\libgcc.a(_exit.o)
 .text.libgcc.builtins
                0x00000000        0x0 c:/program files (x86)/atmel/studio/7.0/toolchain/avr8/avr8-gnu-toolchain/bin/../lib/gcc/avr/5.4.0/avr5\libgcc.a(_exit.o)
 .text.libgcc.fmul
                0x00000000        0x0 c:/program files (x86)/atmel/studio/7.0/toolchain/avr8/avr8-gnu-toolchain/bin/../lib/gcc/avr/5.4.0/avr5\libgcc.a(_exit.o)
 .text.libgcc.fixed
                0x00000000        0x0 c:/program files (x86)/atmel/studio/7.0/toolchain/avr8/avr8-gnu-toolchain/bin/../lib/gcc/avr/5.4.0/avr5\libgcc.a(_exit.o)
 .text          0x00000000        0x0 c:/program files (x86)/atmel/studio/7.0/toolchain/avr8/avr8-gnu-toolchain/bin/../lib/gcc/avr/5.4.0/avr5\libgcc.a(_copy_data.o)
 .data          0x00000000        0x0 c:/program files (x86)/atmel/studio/7.0/toolchain/avr8/avr8-gnu-toolchain/bin/../lib/gcc/avr/5.4.0/avr5\libgcc.a(_copy_data.o)
 .bss           0x00000000        0x0 c:/program files (x86)/atmel/studio/7.0/toolchain/avr8/avr8-gnu-toolchain/bin/../lib/gcc/avr/5.4.0/avr5\libgcc.a(_copy_data.o)
 .text.libgcc.mul
                0x00000000        0x0 c:/program files (x86)/atmel/studio/7.0/toolchain/avr8/avr8-gnu-toolchain/bin/../lib/gcc/avr/5.4.0/avr5\libgcc.a(_copy_data.o)
 .text.libgcc.div
                0x00000000        0x0 c:/program files (x86)/atmel/studio/7.0/toolchain/avr8/avr8-gnu-toolchain/bin/../lib/gcc/avr/5.4.0/avr5\libgcc.a(_copy_data.o)
 .text.libgcc   0x00000000        0x0 c:/program files (x86)/atmel/studio/7.0/toolchain/avr8/avr8-gnu-toolchain/bin/../lib/gcc/avr/5.4.0/avr5\libgcc.a(_copy_data.o)
 .text.libgcc.prologue
                0x00000000        0x0 c:/program files (x86)/atmel/studio/7.0/toolchain/avr8/avr8-gnu-toolchain/bin/../lib/gcc/avr/5.4.0/avr5\libgcc.a(_copy_data.o)
 .text.libgcc.builtins
                0x00000000        0x0 c:/program files (x86)/atmel/studio/7.0/toolchain/avr8/avr8-gnu-toolchain/bin/../lib/gcc/avr/5.4.0/avr5\libgcc.a(_copy_data.o)
 .text.libgcc.fmul
                0x00000000        0x0 c:/program files (x86)/atmel/studio/7.0/toolchain/avr8/avr8-gnu-toolchain/bin/../lib/gcc/avr/5.4.0/avr5\libgcc.a(_copy_data.o)
 .text.libgcc.fixed
                0x00000000        0x0 c:/program files (x86)/atmel/studio/7.0/toolchain/avr8/avr8-gnu-toolchain/bin/../lib/gcc/avr/5.4.0/avr5\libgcc.a(_copy_data.o)
 .text          0x00000000        0x0 c:/program files (x86)/atmel/studio/7.0/toolchain/avr8/avr8-gnu-toolchain/bin/../lib/gcc/avr/5.4.0/avr5\libgcc.a(_clear_bss.o)
 .data          0x00000000        0x0 c:/program files (x86)/atmel/studio/7.0/toolchain/avr8/avr8-gnu-toolchain/bin/../lib/gcc/avr/5.4.0/avr5\libgcc.a(_clear_bss.o)
 .bss           0x00000000        0x0 c:/program files (x86)/atmel/studio/7.0/toolchain/avr8/avr8-gnu-toolchain/bin/../lib/gcc/avr/5.4.0/avr5\libgcc.a(_clear_bss.o)
 .text.libgcc.mul
                0x00000000        0x0 c:/program files (x86)/atmel/studio/7.0/toolchain/avr8/avr8-gnu-toolchain/bin/../lib/gcc/avr/5.4.0/avr5\libgcc.a(_clear_bss.o)
 .text.libgcc.div
                0x00000000        0x0 c:/program files (x86)/atmel/studio/7.0/toolchain/avr8/avr8-gnu-toolchain/bin/../lib/gcc/avr/5.4.0/avr5\libgcc.a(_clear_bss.o)
 .text.libgcc   0x00000000        0x0 c:/program files (x86)/atmel/studio/7.0/toolchain/avr8/avr8-gnu-toolchain/bin/../lib/gcc/avr/5.4.0/avr5\libgcc.a(_clear_bss.o)
 .text.libgcc.prologue
                0x00000000        0x0 c:/program files (x86)/atmel/studio/7.0/toolchain/avr8/avr8-gnu-toolchain/bin/../lib/gcc/avr/5.4.0/avr5\libgcc.a(_clear_bss.o)
 .text.libgcc.builtins
                0x00000000        0x0 c:/program files (x86)/atmel/studio/7.0/toolchain/avr8/avr8-gnu-toolchain/bin/../lib/gcc/avr/5.4.0/avr5\libgcc.a(_clear_bss.o)
 .text.libgcc.fmul
                0x00000000        0x0 c:/program files (x86)/atmel/studio/7.0/toolchain/avr8/avr8-gnu-toolchain/bin/../lib/gcc/avr/5.4.0/avr5\libgcc.a(_clear_bss.o)
 .text.libgcc.fixed
                0x00000000        0x0 c:/program files (x86)/atmel/studio/7.0/toolchain/avr8/avr8-gnu-toolchain/bin/../lib/gcc/avr/5.4.0/avr5\libgcc.a(_clear_bss.o)
 .text          0x00000000        0x0 c:/program files (x86)/atmel/studio/7.0/toolchain/avr8/avr8-gnu-toolchain/bin/../lib/gcc/avr/5.4.0/avr5\libgcc.a(_umulhisi3.o)
 .data          0x00000000        0x0 c:/program files (x86)/atmel/studio/7.0/toolchain/avr8/avr8-gnu-toolchain/bin/../lib/gcc/avr/5.4.0/avr5\libgcc.a(_umulhisi3.o)
 .bss           0x00000000        0x0 c:/program files (x86)/atmel/studio/7.0/toolchain/avr8/avr8-gnu-toolchain/bin/../lib/gcc/avr/5.4.0/avr5\libgcc.a(_umulhisi3.o)
 .text.libgcc.div
                0x00000000        0x0 c:/program files (x86)/atmel/studio/7.0/toolchain/avr8/avr8-gnu-toolchain/bin/../lib/gcc/avr/5.4.0/avr5\libgcc.a(_umulhisi3.o)
 .text.libgcc   0x00000000        0x0 c:/program files (x86)/atmel/studio/7.0/toolchain/avr8/avr8-gnu-toolchain/bin/../lib/gcc/avr/5.4.0/avr5\libgcc.a(_umulhisi3.o)
 .text.libgcc.prologue
                0x00000000        0x0 c:/program files (x86)/atmel/studio/7.0/toolchain/avr8/avr8-gnu-toolchain/bin/../lib/gcc/avr/5.4.0/avr5\libgcc.a(_umulhisi3.o)
 .text.libgcc.builtins
                0x00000000        0x0 c:/program files (x86)/atmel/studio/7.0/toolchain/avr8/avr8-gnu-toolchain/bin/../lib/gcc/avr/5.4.0/avr5\libgcc.a(_umulhisi3.o)
 .text.libgcc.fmul
                0x00000000        0x0 c:/program files (x86)/atmel/studio/7.0/toolchain/avr8/avr8-gnu-toolchain/bin/../lib/gcc/avr/5.4.0/avr5\libgcc.a(_umulhisi3.o)
 .text.libgcc.fixed
                0x00000000        0x0 c:/program files (x86)/atmel/studio/7.0/toolchain/avr8/avr8-gnu-toolchain/bin/../lib/gcc/avr/5.4.0/avr5\libgcc.a(_umulhisi3.o)
 .text          0x00000000        0x0 c:/program files (x86)/atmel/studio/7.0/toolchain/avr8/avr8-gnu-toolchain/bin/../lib/gcc/avr/5.4.0/avr5\libgcc.a(_muluhisi3.o)
 .data          0x00000000        0x0 c:/program files (x86)/atmel/studio/7.0/toolchain/avr8/avr8-gnu-toolchain/bin/../lib/gcc/avr/5.4.0/avr5\libgcc.a(_muluhisi3.o)
 .bss           0x00000000        0x0 c:/program files (x86)/atmel/studio/7.0/toolchain/avr8/avr8-gnu-toolchain/bin/../lib/gcc/avr/5.4.0/avr5\libgcc.a(_muluhisi3.o)
 .text.libgcc.mul
                0x00000000       0x16 c:/program files (x86)/atmel/studio/7.0/toolchain/avr8/avr8-gnu-toolchain/bin/../lib/gcc/avr/5.4.0/avr5\libgcc.a(_muluhisi3.o)
 .text.libgcc.div
                0x00000000        0x0 c:/program files (x86)/atmel/studio/7.0/toolchain/avr8/avr8-gnu-toolchain/bin/../lib/gcc/avr/5.4.0/avr5\libgcc.a(_muluhisi3.o)
 .text.libgcc   0x00000000        0x0 c:/program files (x86)/atmel/studio/7.0/toolchain/avr8/avr8-gnu-toolchain/bin/../lib/gcc/avr/5.4.0/avr5\libgcc.a(_muluhisi3.o)
 .text.libgcc.prologue
                0x00000000        0x0 c:/program files (x86)/atmel/studio/7.0/toolchain/avr8/avr8-gnu-toolchain/bin/../lib/gcc/avr/5.4.0/avr5\libgcc.a(_muluhisi3.o)
 .text.libgcc.builtins
                0x00000000        0x0 c:/program files (x86)/atmel/studio/7.0/toolchain/avr8/avr8-gnu-toolchain/bin/../lib/gcc/avr/5.4.0/avr5\libgcc.a(_muluhisi3.o)
 .text.libgcc.fmul
                0x00000000        0x0 c:/program files (x86)/atmel/studio/7.0/toolchain/avr8/avr8-gnu-toolchain/bin/../lib/gcc/avr/5.4.0/avr5\libgcc.a(_muluhisi3.o)
 .text.libgcc.fixed
                0x00000000        0x0 c:/program files (x86)/atmel/studio/7.0/toolchain/avr8/avr8-gnu-toolchain/bin/../lib/gcc/avr/5.4.0/avr5\libgcc.a(_muluhisi3.o)
 .text          0x00000000        0x0 c:/program files (x86)/atmel/studio/7.0/toolchain/avr8/avr8-gnu-toolchain/bin/../lib/gcc/avr/5.4.0/avr5\libgcc.a(_udivmodhi4.o)
 .data          0x00000000        0x0 c:/program files (x86)/atmel/studio/7.0/toolchain/avr8/avr8-gnu-toolchain/bin/../lib/gcc/avr/5.4.0/avr5\libgcc.a(_udivmodhi4.o)
 .bss           0x00000000        0x0 c:/program files (x86)/atmel/studio/7.0/toolchain/avr8/avr8-gnu-toolchain/bin/../lib/gcc/avr/5.4.0/avr5\libgcc.a(_udivmodhi4.o)
 .text.libgcc.mul
                0x00000000        0x0 c:/program files (x86)/atmel/studio/7.0/toolchain/avr8/avr8-gnu-toolchain/bin/../lib/gcc/avr/5.4.0/avr5\libgcc.a(_udivmodhi4.o)
 .text.libgcc.div
                0x00000000       0x28 c:/program files (x86)/atmel/studio/7.0/toolchain/avr8/avr8-gnu-toolchain/bin/../lib/gcc/avr/5.4.0/avr5\libgcc.a(_udivmodhi4.o)
 .text.libgcc   0x00000000        0x0 c:/program files (x86)/atmel/studio/7.0/toolchain/avr8/avr8-gnu-toolchain/bin/../lib/gcc/avr/5.4.0/avr5\libgcc.a(_udivmodhi4.o)
 .text.libgcc.prologue
                0x00000000        0x0 c:/program files (x86)/atmel/studio/7.0/toolchain/avr8/avr8-gnu-toolchain/bin/../lib/gcc/avr/5.4.0/avr5\libgcc.a(_udivmodhi4.o)
 .text.libgcc.builtins
                0x00000000        0x0 c:/program files (x86)/atmel/studio/7.0/toolchain/avr8/avr8-gnu-toolchain/bin/../lib/gcc/avr/5.4.0/avr5\libgcc.a(_udivmodhi4.o)
 .text.libgcc.fmul
                0x00000000        0x0 c:/program files (x86)/atmel/studio/7.0/toolchain/avr8/avr8-gnu-toolchain/bin/../lib/gcc/avr/5.4.0/avr5\libgcc.a(_udivmodhi4.o)
 .text.libgcc.fixed
                0x00000000        0x0 c:/program files (x86)/atmel/studio/7.0/toolchain/avr8/avr8-gnu-toolchain/bin/../lib/gcc/avr/5.4.0/avr5\libgcc.a(_udivmodhi4.o)

Memory Configuration

Name             Origin             Length             Attributes
text             0x00000000         0x00008000         xr
data             0x00800060         0x00000800         rw !x
eeprom           0x00810000         0x00000400         rw !x
fuse             0x00820000         0x00000002         rw !x
lock             0x00830000         0x00000400         rw !x
signature        0x00840000         0x00000400         rw !x
user_signatures  0x00850000         0x00000400         rw !x
*default*        0x00000000         0xffffffff

Linker script and memory map

LOAD C:/Program Files (x86)/Atmel/Studio/7.0/Packs/atmel/ATmega_DFP/1.7.374/gcc/dev/atmega32/avr5/crtatmega32.o
LOAD App/CFGH/HAL_CFG/KeyPad_Cfg/KeyPad_Cfg.o
LOAD App/CFGH/MCAL_CFG/PORT_CFG/PORT_LCFG.o
LOAD App/Main/main.o
LOAD HAL/Battery_Volt_Management/BVM_Core.o
LOAD HAL/BTN/BTN.o
LOAD HAL/BUZZER/BUZZER.o
LOAD HAL/Calculator/Calculator_Core.o
LOAD HAL/DC_MOTOR/DC_MOTOR_Core.o
LOAD HAL/KeyPad/KeyPad_Core.o
LOAD HAL/LCD/LCD_Core.o
LOAD HAL/LED/LED.o
LOAD HAL/SERVO_MOTOR/SERVO_MOTOR_Core.o
LOAD HAL/SevSeg/SevSeg_Core.o
LOAD HAL/TempSensor/TempSesnor_Core.o
LOAD MCAL/ADC/ADC_Core.o
LOAD MCAL/DIO/DIO_Core.o
LOAD MCAL/IRQH/IRQH_Core.o
LOAD MCAL/PORT/PORT_Core.o
LOAD MCAL/PWM/PWM_Core.o
LOAD MCAL/TIMER/TIMER_CORE.o
START GROUP
LOAD c:/program files (x86)/atmel/studio/7.0/toolchain/avr8/avr8-gnu-toolchain/bin/../lib/gcc/avr/5.4.0/../../../../avr/lib/avr5\libm.a
END GROUP
START GROUP
LOAD c:/program files (x86)/atmel/studio/7.0/toolchain/avr8/avr8-gnu-toolchain/bin/../lib/gcc/avr/5.4.0/avr5\libgcc.a
LOAD c:/program files (x86)/atmel/studio/7.0/toolchain/avr8/avr8-gnu-toolchain/bin/../lib/gcc/avr/5.4.0/../../../../avr/lib/avr5\libm.a
LOAD c:/program files (x86)/atmel/studio/7.0/toolchain/avr8/avr8-gnu-toolchain/bin/../lib/gcc/avr/5.4.0/../../../../avr/lib/avr5\libc.a
LOAD C:/Program Files (x86)/Atmel/Studio/7.0/Packs/atmel/ATmega_DFP/1.7.374/gcc/dev/atmega32/avr5\libatmega32.a
END GROUP
                0x00000000                __TEXT_REGION_ORIGIN__ = DEFINED (__TEXT_REGION_ORIGIN__)?__TEXT_REGION_ORIGIN__:0x0
                [0x00800060]                __DATA_REGION_ORIGIN__ = DEFINED (__DATA_REGION_ORIGIN__)?__DATA_REGION_ORIGIN__:0x800060
                [0x00008000]                __TEXT_REGION_LENGTH__ = DEFINED (__TEXT_REGION_LENGTH__)?__TEXT_REGION_LENGTH__:0x20000
                [0x00000800]                __DATA_REGION_LENGTH__ = DEFINED (__DATA_REGION_LENGTH__)?__DATA_REGION_LENGTH__:0xffa0
                [0x00000400]                __EEPROM_REGION_LENGTH__ = DEFINED (__EEPROM_REGION_LENGTH__)?__EEPROM_REGION_LENGTH__:0x10000
                [0x00000002]                __FUSE_REGION_LENGTH__ = DEFINED (__FUSE_REGION_LENGTH__)?__FUSE_REGION_LENGTH__:0x400
                0x00000400                __LOCK_REGION_LENGTH__ = DEFINED (__LOCK_REGION_LENGTH__)?__LOCK_REGION_LENGTH__:0x400
                0x00000400                __SIGNATURE_REGION_LENGTH__ = DEFINED (__SIGNATURE_REGION_LENGTH__)?__SIGNATURE_REGION_LENGTH__:0x400
                0x00000400                __USER_SIGNATURE_REGION_LENGTH__ = DEFINED (__USER_SIGNATURE_REGION_LENGTH__)?__USER_SIGNATURE_REGION_LENGTH__:0x400

.hash
 *(.hash)

.dynsym
 *(.dynsym)

.dynstr
 *(.dynstr)

.gnu.version
 *(.gnu.version)

.gnu.version_d
 *(.gnu.version_d)

.gnu.version_r
 *(.gnu.version_r)

.rel.init
 *(.rel.init)

.rela.init
 *(.rela.init)

.rel.text
 *(.rel.text)
 *(.rel.text.*)
 *(.rel.gnu.linkonce.t*)

.rela.text
 *(.rela.text)
 *(.rela.text.*)
 *(.rela.gnu.linkonce.t*)

.rel.fini
 *(.rel.fini)

.rela.fini
 *(.rela.fini)

.rel.rodata
 *(.rel.rodata)
 *(.rel.rodata.*)
 *(.rel.gnu.linkonce.r*)

.rela.rodata
 *(.rela.rodata)
 *(.rela.rodata.*)
 *(.rela.gnu.linkonce.r*)

.rel.data
 *(.rel.data)
 *(.rel.data.*)
 *(.rel.gnu.linkonce.d*)

.rela.data
 *(.rela.data)
 *(.rela.data.*)
 *(.rela.gnu.linkonce.d*)

.rel.ctors
 *(.rel.ctors)

.rela.ctors
 *(.rela.ctors)

.rel.dtors
 *(.rel.dtors)

.rela.dtors
 *(.rela.dtors)

.rel.got
 *(.rel.got)

.rela.got
 *(.rela.got)

.rel.bss
 *(.rel.bss)

.rela.bss
 *(.rela.bss)

.rel.plt
 *(.rel.plt)

.rela.plt
 *(.rela.plt)

.text           0x00000000      0x648
 *(.vectors)
 .vectors       0x00000000       0x54 C:/Program Files (x86)/Atmel/Studio/7.0/Packs/atmel/ATmega_DFP/1.7.374/gcc/dev/atmega32/avr5/crtatmega32.o
                0x00000000                __vector_default
                0x00000000                __vectors
 *(.vectors)
 *(.progmem.gcc*)
                0x00000054                . = ALIGN (0x2)
                0x00000054                __trampolines_start = .
 *(.trampolines)
 .trampolines   0x00000054        0x0 linker stubs
 *(.trampolines*)
                0x00000054                __trampolines_end = .
 *libprintf_flt.a:*(.progmem.data)
 *libc.a:*(.progmem.data)
 *(.progmem*)
                0x00000054                . = ALIGN (0x2)
 *(.jumptables)
 *(.jumptables*)
 *(.lowtext)
 *(.lowtext*)
                0x00000054                __ctors_start = .
 *(.ctors)
                0x00000054                __ctors_end = .
                0x00000054                __dtors_start = .
 *(.dtors)
                0x00000054                __dtors_end = .
 SORT(*)(.ctors)
 SORT(*)(.dtors)
 *(.init0)
 .init0         0x00000054        0x0 C:/Program Files (x86)/Atmel/Studio/7.0/Packs/atmel/ATmega_DFP/1.7.374/gcc/dev/atmega32/avr5/crtatmega32.o
                0x00000054                __init
 *(.init0)
 *(.init1)
 *(.init1)
 *(.init2)
 .init2         0x00000054        0xc C:/Program Files (x86)/Atmel/Studio/7.0/Packs/atmel/ATmega_DFP/1.7.374/gcc/dev/atmega32/avr5/crtatmega32.o
 *(.init2)
 *(.init3)
 *(.init3)
 *(.init4)
 .init4         0x00000060       0x16 c:/program files (x86)/atmel/studio/7.0/toolchain/avr8/avr8-gnu-toolchain/bin/../lib/gcc/avr/5.4.0/avr5\libgcc.a(_copy_data.o)
                0x00000060                __do_copy_data
 .init4         0x00000076       0x10 c:/program files (x86)/atmel/studio/7.0/toolchain/avr8/avr8-gnu-toolchain/bin/../lib/gcc/avr/5.4.0/avr5\libgcc.a(_clear_bss.o)
                0x00000076                __do_clear_bss
 *(.init4)
 *(.init5)
 *(.init5)
 *(.init6)
 *(.init6)
 *(.init7)
 *(.init7)
 *(.init8)
 *(.init8)
 *(.init9)
 .init9         0x00000086        0x8 C:/Program Files (x86)/Atmel/Studio/7.0/Packs/atmel/ATmega_DFP/1.7.374/gcc/dev/atmega32/avr5/crtatmega32.o
 *(.init9)
 *(.text)
 .text          0x0000008e        0x4 C:/Program Files (x86)/Atmel/Studio/7.0/Packs/atmel/ATmega_DFP/1.7.374/gcc/dev/atmega32/avr5/crtatmega32.o
                0x0000008e                __vector_12
                0x0000008e                __bad_interrupt
                0x0000008e                __vector_6
                0x0000008e                __vector_3
                0x0000008e                __vector_13
                0x0000008e                __vector_17
                0x0000008e                __vector_19
                0x0000008e                __vector_5
                0x0000008e                __vector_4
                0x0000008e                __vector_2
                0x0000008e                __vector_15
                0x0000008e                __vector_8
                0x0000008e                __vector_14
                0x0000008e                __vector_18
                0x0000008e                __vector_20
                0x00000092                . = ALIGN (0x2)
 *(.text.*)
 .text.BLUE     0x00000092        0x8 App/Main/main.o
                0x00000092                BLUE
 .text.RED      0x0000009a        0x8 App/Main/main.o
                0x0000009a                RED
 .text.main     0x000000a2       0x28 App/Main/main.o
                0x000000a2                main
 .text.LED_Toggle
                0x000000ca        0x6 HAL/LED/LED.o
                0x000000ca                LED_Toggle
 .text.DIO_FlipChennel
                0x000000d0       0x82 MCAL/DIO/DIO_Core.o
                0x000000d0                DIO_FlipChennel
 .text.IRQH_SetGloabINT
                0x00000152       0x18 MCAL/IRQH/IRQH_Core.o
                0x00000152                IRQH_SetGloabINT
 .text.IRQH_SetCallBack
                0x0000016a       0x12 MCAL/IRQH/IRQH_Core.o
                0x0000016a                IRQH_SetCallBack
 .text.__vector_1
                0x0000017c       0x4e MCAL/IRQH/IRQH_Core.o
                0x0000017c                __vector_1
 .text.__vector_16
                0x000001ca       0x7a MCAL/IRQH/IRQH_Core.o
                0x000001ca                __vector_16
 .text.__vector_11
                0x00000244       0x82 MCAL/IRQH/IRQH_Core.o
                0x00000244                __vector_11
 .text.__vector_10
                0x000002c6       0x8a MCAL/IRQH/IRQH_Core.o
                0x000002c6                __vector_10
 .text.__vector_9
                0x00000350       0x88 MCAL/IRQH/IRQH_Core.o
                0x00000350                __vector_9
 .text.__vector_7
                0x000003d8       0x60 MCAL/IRQH/IRQH_Core.o
                0x000003d8                __vector_7
 .text.PORT_Init
                0x00000438      0x108 MCAL/PORT/PORT_Core.o
                0x00000438                PORT_Init
 .text.GPT_Init
                0x00000540       0x3e MCAL/TIMER/TIMER_CORE.o
                0x00000540                GPT_Init
 .text.GPT_SetTime
                0x0000057e       0x64 MCAL/TIMER/TIMER_CORE.o
                0x0000057e                GPT_SetTime
 .text.libgcc.div
                0x000005e2       0x44 c:/program files (x86)/atmel/studio/7.0/toolchain/avr8/avr8-gnu-toolchain/bin/../lib/gcc/avr/5.4.0/avr5\libgcc.a(_udivmodsi4.o)
                0x000005e2                __udivmodsi4
 .text.libgcc.mul
                0x00000626       0x1e c:/program files (x86)/atmel/studio/7.0/toolchain/avr8/avr8-gnu-toolchain/bin/../lib/gcc/avr/5.4.0/avr5\libgcc.a(_umulhisi3.o)
                0x00000626                __umulhisi3
                0x00000644                . = ALIGN (0x2)
 *(.fini9)
 .fini9         0x00000644        0x0 c:/program files (x86)/atmel/studio/7.0/toolchain/avr8/avr8-gnu-toolchain/bin/../lib/gcc/avr/5.4.0/avr5\libgcc.a(_exit.o)
                0x00000644                _exit
                0x00000644                exit
 *(.fini9)
 *(.fini8)
 *(.fini8)
 *(.fini7)
 *(.fini7)
 *(.fini6)
 *(.fini6)
 *(.fini5)
 *(.fini5)
 *(.fini4)
 *(.fini4)
 *(.fini3)
 *(.fini3)
 *(.fini2)
 *(.fini2)
 *(.fini1)
 *(.fini1)
 *(.fini0)
 .fini0         0x00000644        0x4 c:/program files (x86)/atmel/studio/7.0/toolchain/avr8/avr8-gnu-toolchain/bin/../lib/gcc/avr/5.4.0/avr5\libgcc.a(_exit.o)
 *(.fini0)
                0x00000648                _etext = .

.data           0x00800060        0x8 load address 0x00000648
                0x00800060                PROVIDE (__data_start, .)
 *(.data)
 *(.data*)
 *(.gnu.linkonce.d*)
 *(.rodata)
 *(.rodata*)
 .rodata.PORT_Initialization
                0x00800060        0x8 App/CFGH/MCAL_CFG/PORT_CFG/PORT_LCFG.o
                0x00800060                PORT_Initialization
 *(.gnu.linkonce.r*)
                0x00800068                . = ALIGN (0x2)
                0x00800068                _edata = .
                0x00800068                PROVIDE (__data_end, .)

.bss            0x00800068       0x40
                0x00800068                PROVIDE (__bss_start, .)
 *(.bss)
 *(.bss*)
 .bss.ADC_Vin_Value
                0x00800068        0x4 MCAL/ADC/ADC_Core.o
                0x00800068                ADC_Vin_Value
 .bss.INT_CNT_1.1676
                0x0080006c        0x1 MCAL/IRQH/IRQH_Core.o
 .bss.INT_CNT_1.1670
                0x0080006d        0x1 MCAL/IRQH/IRQH_Core.o
 .bss.INT_CNT_1.1664
                0x0080006e        0x1 MCAL/IRQH/IRQH_Core.o
 .bss.INT_CNT_1.1658
                0x0080006f        0x1 MCAL/IRQH/IRQH_Core.o
 .bss.CallBack_PtrFunc
                0x00800070       0x28 MCAL/IRQH/IRQH_Core.o
                0x00800070                CallBack_PtrFunc
 .bss.Timer1_Init_Value_g
                0x00800098        0x4 MCAL/TIMER/TIMER_CORE.o
                0x00800098                Timer1_Init_Value_g
 .bss.Timer1_Number_OVRflows_g
                0x0080009c        0x4 MCAL/TIMER/TIMER_CORE.o
                0x0080009c                Timer1_Number_OVRflows_g
 .bss.Timer0_Init_Value_g
                0x008000a0        0x4 MCAL/TIMER/TIMER_CORE.o
                0x008000a0                Timer0_Init_Value_g
 .bss.Timer0_Number_OVRflows_g
                0x008000a4        0x4 MCAL/TIMER/TIMER_CORE.o
                0x008000a4                Timer0_Number_OVRflows_g
 *(COMMON)
                0x008000a8                PROVIDE (__bss_end, .)
                0x00000648                __data_load_start = LOADADDR (.data)
                0x00000650                __data_load_end = (__data_load_start + SIZEOF (.data))

.noinit         0x008000a8        0x0
                [!provide]                PROVIDE (__noinit_start, .)
 *(.noinit*)
                [!provide]                PROVIDE (__noinit_end, .)
                0x008000a8                _end = .
                [!provide]                PROVIDE (__heap_start, .)

.eeprom         0x00810000        0x0
 *(.eeprom*)
                0x00810000                __eeprom_end = .

.fuse
 *(.fuse)
 *(.lfuse)
 *(.hfuse)
 *(.efuse)

.lock
 *(.lock*)

.signature
 *(.signature*)

.user_signatures
 *(.user_signatures*)

.stab
 *(.stab)

.stabstr
 *(.stabstr)

.stab.excl
 *(.stab.excl)

.stab.exclstr
 *(.stab.exclstr)

.stab.index
 *(.stab.index)

.stab.indexstr
 *(.stab.indexstr)

.comment        0x00000000       0x30
 *(.comment)
 .comment       0x00000000       0x30 App/CFGH/MCAL_CFG/PORT_CFG/PORT_LCFG.o
                                 0x31 (size before relaxing)
 .comment       0x00000030       0x31 App/Main/main.o
 .comment       0x00000030       0x31 HAL/LED/LED.o
 .comment       0x00000030       0x31 MCAL/ADC/ADC_Core.o
 .comment       0x00000030       0x31 MCAL/DIO/DIO_Core.o
 .comment       0x00000030       0x31 MCAL/IRQH/IRQH_Core.o
 .comment       0x00000030       0x31 MCAL/PORT/PORT_Core.o
 .comment       0x00000030       0x31 MCAL/TIMER/TIMER_CORE.o

.note.gnu.avr.deviceinfo
                0x00000000       0x3c
 .note.gnu.avr.deviceinfo
                0x00000000       0x3c C:/Program Files (x86)/Atmel/Studio/7.0/Packs/atmel/ATmega_DFP/1.7.374/gcc/dev/atmega32/avr5/crtatmega32.o

.note.gnu.build-id
 *(.note.gnu.build-id)

.debug
 *(.debug)

.line
 *(.line)

.debug_srcinfo
 *(.debug_srcinfo)

.debug_sfnames
 *(.debug_sfnames)

.debug_aranges  0x00000000      0x190
 *(.debug_aranges)
 .debug_aranges
                0x00000000       0x18 App/CFGH/MCAL_CFG/PORT_CFG/PORT_LCFG.o
 .debug_aranges
                0x00000018       0x38 App/Main/main.o
 .debug_aranges
                0x00000050       0x28 HAL/LED/LED.o
 .debug_aranges
                0x00000078       0x28 MCAL/ADC/ADC_Core.o
 .debug_aranges
                0x000000a0       0x48 MCAL/DIO/DIO_Core.o
 .debug_aranges
                0x000000e8       0x60 MCAL/IRQH/IRQH_Core.o
 .debug_aranges
                0x00000148       0x20 MCAL/PORT/PORT_Core.o
 .debug_aranges
                0x00000168       0x28 MCAL/TIMER/TIMER_CORE.o

.debug_pubnames
 *(.debug_pubnames)

.debug_info     0x00000000     0x1121
 *(.debug_info .gnu.linkonce.wi.*)
 .debug_info    0x00000000      0x4e6 C:/Program Files (x86)/Atmel/Studio/7.0/Packs/atmel/ATmega_DFP/1.7.374/gcc/dev/atmega32/avr5/crtatmega32.o
 .debug_info    0x000004e6       0xe8 App/CFGH/MCAL_CFG/PORT_CFG/PORT_LCFG.o
 .debug_info    0x000005ce      0x1da App/Main/main.o
 .debug_info    0x000007a8      0x113 HAL/LED/LED.o
 .debug_info    0x000008bb       0xd5 MCAL/ADC/ADC_Core.o
 .debug_info    0x00000990      0x273 MCAL/DIO/DIO_Core.o
 .debug_info    0x00000c03      0x284 MCAL/IRQH/IRQH_Core.o
 .debug_info    0x00000e87      0x146 MCAL/PORT/PORT_Core.o
 .debug_info    0x00000fcd      0x154 MCAL/TIMER/TIMER_CORE.o

.debug_abbrev   0x00000000      0xa52
 *(.debug_abbrev)
 .debug_abbrev  0x00000000      0x4a3 C:/Program Files (x86)/Atmel/Studio/7.0/Packs/atmel/ATmega_DFP/1.7.374/gcc/dev/atmega32/avr5/crtatmega32.o
 .debug_abbrev  0x000004a3       0x86 App/CFGH/MCAL_CFG/PORT_CFG/PORT_LCFG.o
 .debug_abbrev  0x00000529       0xc0 App/Main/main.o
 .debug_abbrev  0x000005e9       0x80 HAL/LED/LED.o
 .debug_abbrev  0x00000669       0x80 MCAL/ADC/ADC_Core.o
 .debug_abbrev  0x000006e9       0xea MCAL/DIO/DIO_Core.o
 .debug_abbrev  0x000007d3      0x12c MCAL/IRQH/IRQH_Core.o
 .debug_abbrev  0x000008ff       0xc4 MCAL/PORT/PORT_Core.o
 .debug_abbrev  0x000009c3       0x8f MCAL/TIMER/TIMER_CORE.o

.debug_line     0x00000000      0xa37
 *(.debug_line .debug_line.* .debug_line_end)
 .debug_line    0x00000000      0x116 C:/Program Files (x86)/Atmel/Studio/7.0/Packs/atmel/ATmega_DFP/1.7.374/gcc/dev/atmega32/avr5/crtatmega32.o
 .debug_line    0x00000116       0x69 App/CFGH/MCAL_CFG/PORT_CFG/PORT_LCFG.o
 .debug_line    0x0000017f      0x110 App/Main/main.o
 .debug_line    0x0000028f       0x88 HAL/LED/LED.o
 .debug_line    0x00000317       0xba MCAL/ADC/ADC_Core.o
 .debug_line    0x000003d1      0x24c MCAL/DIO/DIO_Core.o
 .debug_line    0x0000061d      0x22d MCAL/IRQH/IRQH_Core.o
 .debug_line    0x0000084a      0x127 MCAL/PORT/PORT_Core.o
 .debug_line    0x00000971       0xc6 MCAL/TIMER/TIMER_CORE.o

.debug_frame    0x00000000      0x3dc
 *(.debug_frame)
 .debug_frame   0x00000000       0x54 App/Main/main.o
 .debug_frame   0x00000054       0x34 HAL/LED/LED.o
 .debug_frame   0x00000088       0x34 MCAL/ADC/ADC_Core.o
 .debug_frame   0x000000bc       0x74 MCAL/DIO/DIO_Core.o
 .debug_frame   0x00000130      0x254 MCAL/IRQH/IRQH_Core.o
 .debug_frame   0x00000384       0x24 MCAL/PORT/PORT_Core.o
 .debug_frame   0x000003a8       0x34 MCAL/TIMER/TIMER_CORE.o

.debug_str      0x00000000      0x6b3
 *(.debug_str)
 .debug_str     0x00000000      0x196 C:/Program Files (x86)/Atmel/Studio/7.0/Packs/atmel/ATmega_DFP/1.7.374/gcc/dev/atmega32/avr5/crtatmega32.o
 .debug_str     0x00000196      0x19b App/CFGH/MCAL_CFG/PORT_CFG/PORT_LCFG.o
                                0x1c2 (size before relaxing)
 .debug_str     0x00000331       0x94 App/Main/main.o
                                0x1d4 (size before relaxing)
 .debug_str     0x000003c5       0x51 HAL/LED/LED.o
                                0x195 (size before relaxing)
 .debug_str     0x00000416       0x57 MCAL/ADC/ADC_Core.o
                                0x190 (size before relaxing)
 .debug_str     0x0000046d       0x8f MCAL/DIO/DIO_Core.o
                                0x1ee (size before relaxing)
 .debug_str     0x000004fc      0x118 MCAL/IRQH/IRQH_Core.o
                                0x2dc (size before relaxing)
 .debug_str     0x00000614       0x19 MCAL/PORT/PORT_Core.o
                                0x1c0 (size before relaxing)
 .debug_str     0x0000062d       0x86 MCAL/TIMER/TIMER_CORE.o
                                0x23c (size before relaxing)

.debug_loc      0x00000000      0xbec
 *(.debug_loc)
 .debug_loc     0x00000000       0x63 HAL/LED/LED.o
 .debug_loc     0x00000063       0x25 MCAL/ADC/ADC_Core.o
 .debug_loc     0x00000088      0x4fe MCAL/DIO/DIO_Core.o
 .debug_loc     0x00000586      0x515 MCAL/IRQH/IRQH_Core.o
 .debug_loc     0x00000a9b      0x151 MCAL/PORT/PORT_Core.o

.debug_macinfo
 *(.debug_macinfo)

.debug_weaknames
 *(.debug_weaknames)

.debug_funcnames
 *(.debug_funcnames)

.debug_typenames
 *(.debug_typenames)

.debug_varnames
 *(.debug_varnames)

.debug_pubtypes
 *(.debug_pubtypes)

.debug_ranges   0x00000000      0x108
 *(.debug_ranges)
 .debug_ranges  0x00000000       0x28 App/Main/main.o
 .debug_ranges  0x00000028       0x18 HAL/LED/LED.o
 .debug_ranges  0x00000040       0x18 MCAL/ADC/ADC_Core.o
 .debug_ranges  0x00000058       0x38 MCAL/DIO/DIO_Core.o
 .debug_ranges  0x00000090       0x50 MCAL/IRQH/IRQH_Core.o
 .debug_ranges  0x000000e0       0x10 MCAL/PORT/PORT_Core.o
 .debug_ranges  0x000000f0       0x18 MCAL/TIMER/TIMER_CORE.o

.debug_macro
 *(.debug_macro)
OUTPUT(COTS.elf elf32-avr)
LOAD linker stubs
