Archive member included to satisfy reference by file (symbol)

c:/program files (x86)/atmel/studio/7.0/toolchain/avr8/avr8-gnu-toolchain/bin/../lib/gcc/avr/5.4.0/avr5\libgcc.a(_udivmodsi4.o)
                              HAL/LCD/LCD_Core.o (__udivmodsi4)
c:/program files (x86)/atmel/studio/7.0/toolchain/avr8/avr8-gnu-toolchain/bin/../lib/gcc/avr/5.4.0/avr5\libgcc.a(_divmodsi4.o)
                              HAL/LCD/LCD_Core.o (__divmodsi4)
c:/program files (x86)/atmel/studio/7.0/toolchain/avr8/avr8-gnu-toolchain/bin/../lib/gcc/avr/5.4.0/avr5\libgcc.a(_negsi2.o)
                              c:/program files (x86)/atmel/studio/7.0/toolchain/avr8/avr8-gnu-toolchain/bin/../lib/gcc/avr/5.4.0/avr5\libgcc.a(_divmodsi4.o) (__negsi2)
c:/program files (x86)/atmel/studio/7.0/toolchain/avr8/avr8-gnu-toolchain/bin/../lib/gcc/avr/5.4.0/avr5\libgcc.a(_exit.o)
                              C:/Program Files (x86)/Atmel/Studio/7.0/Packs/atmel/ATmega_DFP/1.7.374/gcc/dev/atmega32/avr5/crtatmega32.o (exit)
c:/program files (x86)/atmel/studio/7.0/toolchain/avr8/avr8-gnu-toolchain/bin/../lib/gcc/avr/5.4.0/avr5\libgcc.a(_tablejump2.o)
                              HAL/Smart Lock Door System/SMARTDOOR_CORE.o (__tablejump2__)
c:/program files (x86)/atmel/studio/7.0/toolchain/avr8/avr8-gnu-toolchain/bin/../lib/gcc/avr/5.4.0/avr5\libgcc.a(_copy_data.o)
                              App/CFGH/HAL_CFG/KeyPad_CFG/KeyPad_CFG.o (__do_copy_data)
c:/program files (x86)/atmel/studio/7.0/toolchain/avr8/avr8-gnu-toolchain/bin/../lib/gcc/avr/5.4.0/avr5\libgcc.a(_clear_bss.o)
                              HAL/Smart Lock Door System/SMARTDOOR_CORE.o (__do_clear_bss)
c:/program files (x86)/atmel/studio/7.0/toolchain/avr8/avr8-gnu-toolchain/bin/../lib/gcc/avr/5.4.0/avr5\libgcc.a(_umulhisi3.o)
                              MCAL/IRQH/IRQH_CORE.o (__umulhisi3)
c:/program files (x86)/atmel/studio/7.0/toolchain/avr8/avr8-gnu-toolchain/bin/../lib/gcc/avr/5.4.0/avr5\libgcc.a(_muluhisi3.o)
                              MCAL/ICU/ICU_CORE.o (__muluhisi3)

Discarded input sections

 .data          0x00000000        0x0 C:/Program Files (x86)/Atmel/Studio/7.0/Packs/atmel/ATmega_DFP/1.7.374/gcc/dev/atmega32/avr5/crtatmega32.o
 .bss           0x00000000        0x0 C:/Program Files (x86)/Atmel/Studio/7.0/Packs/atmel/ATmega_DFP/1.7.374/gcc/dev/atmega32/avr5/crtatmega32.o
 .text          0x00000000        0x0 App/CFGH/HAL_CFG/KeyPad_CFG/KeyPad_CFG.o
 .data          0x00000000        0x0 App/CFGH/HAL_CFG/KeyPad_CFG/KeyPad_CFG.o
 .bss           0x00000000        0x0 App/CFGH/HAL_CFG/KeyPad_CFG/KeyPad_CFG.o
 .text          0x00000000        0x0 App/CFGH/MCAL_CFG/PORT_CFG/PORT_LCFG.o
 .data          0x00000000        0x0 App/CFGH/MCAL_CFG/PORT_CFG/PORT_LCFG.o
 .bss           0x00000000        0x0 App/CFGH/MCAL_CFG/PORT_CFG/PORT_LCFG.o
 .text          0x00000000        0x0 App/MAIN/main.o
 .data          0x00000000        0x0 App/MAIN/main.o
 .bss           0x00000000        0x0 App/MAIN/main.o
 .text          0x00000000        0x0 HAL/KeyPad/KeyPad_Core.o
 .data          0x00000000        0x0 HAL/KeyPad/KeyPad_Core.o
 .bss           0x00000000        0x0 HAL/KeyPad/KeyPad_Core.o
 .text          0x00000000        0x0 HAL/LCD/LCD_Core.o
 .data          0x00000000        0x0 HAL/LCD/LCD_Core.o
 .bss           0x00000000        0x0 HAL/LCD/LCD_Core.o
 .text.LCD_WriteInt
                0x00000000       0xda HAL/LCD/LCD_Core.o
 .text.Custom_Char
                0x00000000       0x54 HAL/LCD/LCD_Core.o
 .data.Custom_Char_Arr
                0x00000000       0x40 HAL/LCD/LCD_Core.o
 .text          0x00000000        0x0 HAL/LED/LED.o
 .data          0x00000000        0x0 HAL/LED/LED.o
 .bss           0x00000000        0x0 HAL/LED/LED.o
 .text.LED_SetValue
                0x00000000        0x6 HAL/LED/LED.o
 .text.LED_Toggle
                0x00000000        0x6 HAL/LED/LED.o
 .debug_info    0x00000000      0x113 HAL/LED/LED.o
 .debug_abbrev  0x00000000       0x80 HAL/LED/LED.o
 .debug_loc     0x00000000       0x63 HAL/LED/LED.o
 .debug_aranges
                0x00000000       0x28 HAL/LED/LED.o
 .debug_ranges  0x00000000       0x18 HAL/LED/LED.o
 .debug_line    0x00000000       0x88 HAL/LED/LED.o
 .debug_str     0x00000000      0x1e7 HAL/LED/LED.o
 .comment       0x00000000       0x31 HAL/LED/LED.o
 .debug_frame   0x00000000       0x34 HAL/LED/LED.o
 .text          0x00000000        0x0 HAL/SERVO MOTOR/SERVO_MOTOR_CORE.o
 .data          0x00000000        0x0 HAL/SERVO MOTOR/SERVO_MOTOR_CORE.o
 .bss           0x00000000        0x0 HAL/SERVO MOTOR/SERVO_MOTOR_CORE.o
 .text.SERVO_Generate
                0x00000000        0x8 HAL/SERVO MOTOR/SERVO_MOTOR_CORE.o
 .text          0x00000000        0x0 HAL/Smart Lock Door System/SMARTDOOR_CORE.o
 .data          0x00000000        0x0 HAL/Smart Lock Door System/SMARTDOOR_CORE.o
 .bss           0x00000000        0x0 HAL/Smart Lock Door System/SMARTDOOR_CORE.o
 .text          0x00000000        0x0 MCAL/ADC/ADC_CORE.o
 .data          0x00000000        0x0 MCAL/ADC/ADC_CORE.o
 .bss           0x00000000        0x0 MCAL/ADC/ADC_CORE.o
 .text.ADC_Init
                0x00000000       0x36 MCAL/ADC/ADC_CORE.o
 .text.ADC_Read
                0x00000000        0x8 MCAL/ADC/ADC_CORE.o
 .text          0x00000000        0x0 MCAL/DIO/DIO_CORE.o
 .data          0x00000000        0x0 MCAL/DIO/DIO_CORE.o
 .bss           0x00000000        0x0 MCAL/DIO/DIO_CORE.o
 .text.DIO_FlipChannel
                0x00000000       0x82 MCAL/DIO/DIO_CORE.o
 .text.DIO_ReadPort
                0x00000000       0x36 MCAL/DIO/DIO_CORE.o
 .text          0x00000000        0x0 MCAL/ICU/ICU_CORE.o
 .data          0x00000000        0x0 MCAL/ICU/ICU_CORE.o
 .bss           0x00000000        0x0 MCAL/ICU/ICU_CORE.o
 .text.ICU_Init
                0x00000000       0x16 MCAL/ICU/ICU_CORE.o
 .text.ICU_CaptureTime
                0x00000000       0xaa MCAL/ICU/ICU_CORE.o
 .rodata.str1.1
                0x00000000       0x17 MCAL/ICU/ICU_CORE.o
 .text.Pulse_Meter
                0x00000000      0x186 MCAL/ICU/ICU_CORE.o
 .bss.Frequency.1756
                0x00000000        0x4 MCAL/ICU/ICU_CORE.o
 .bss.Duty_Cycle.1755
                0x00000000        0x4 MCAL/ICU/ICU_CORE.o
 .bss.time.1751
                0x00000000        0x4 MCAL/ICU/ICU_CORE.o
 .text          0x00000000        0x0 MCAL/IRQH/IRQH_CORE.o
 .data          0x00000000        0x0 MCAL/IRQH/IRQH_CORE.o
 .bss           0x00000000        0x0 MCAL/IRQH/IRQH_CORE.o
 .text.IRQH_SetGlobalINT
                0x00000000       0x18 MCAL/IRQH/IRQH_CORE.o
 .text.IRQH_SetExternalINT
                0x00000000       0x14 MCAL/IRQH/IRQH_CORE.o
 .text.IRQH_SetCallBack
                0x00000000       0x12 MCAL/IRQH/IRQH_CORE.o
 .text          0x00000000        0x0 MCAL/PORT/PORT_CORE.o
 .data          0x00000000        0x0 MCAL/PORT/PORT_CORE.o
 .bss           0x00000000        0x0 MCAL/PORT/PORT_CORE.o
 .text          0x00000000        0x0 MCAL/PWM/PWM_CORE.o
 .data          0x00000000        0x0 MCAL/PWM/PWM_CORE.o
 .bss           0x00000000        0x0 MCAL/PWM/PWM_CORE.o
 .text.PWM0_Generate
                0x00000000        0x2 MCAL/PWM/PWM_CORE.o
 .text          0x00000000        0x0 MCAL/TIMER/TIMER_CORE.o
 .data          0x00000000        0x0 MCAL/TIMER/TIMER_CORE.o
 .bss           0x00000000        0x0 MCAL/TIMER/TIMER_CORE.o
 .text.GPT_Init
                0x00000000       0x26 MCAL/TIMER/TIMER_CORE.o
 .text.GPT_SetTime
                0x00000000        0x2 MCAL/TIMER/TIMER_CORE.o
 .bss.TIMER1_Init_Value_g
                0x00000000        0x4 MCAL/TIMER/TIMER_CORE.o
 .text          0x00000000        0x0 c:/program files (x86)/atmel/studio/7.0/toolchain/avr8/avr8-gnu-toolchain/bin/../lib/gcc/avr/5.4.0/avr5\libgcc.a(_udivmodsi4.o)
 .data          0x00000000        0x0 c:/program files (x86)/atmel/studio/7.0/toolchain/avr8/avr8-gnu-toolchain/bin/../lib/gcc/avr/5.4.0/avr5\libgcc.a(_udivmodsi4.o)
 .bss           0x00000000        0x0 c:/program files (x86)/atmel/studio/7.0/toolchain/avr8/avr8-gnu-toolchain/bin/../lib/gcc/avr/5.4.0/avr5\libgcc.a(_udivmodsi4.o)
 .text.libgcc.mul
                0x00000000        0x0 c:/program files (x86)/atmel/studio/7.0/toolchain/avr8/avr8-gnu-toolchain/bin/../lib/gcc/avr/5.4.0/avr5\libgcc.a(_udivmodsi4.o)
 .text.libgcc   0x00000000        0x0 c:/program files (x86)/atmel/studio/7.0/toolchain/avr8/avr8-gnu-toolchain/bin/../lib/gcc/avr/5.4.0/avr5\libgcc.a(_udivmodsi4.o)
 .text.libgcc.prologue
                0x00000000        0x0 c:/program files (x86)/atmel/studio/7.0/toolchain/avr8/avr8-gnu-toolchain/bin/../lib/gcc/avr/5.4.0/avr5\libgcc.a(_udivmodsi4.o)
 .text.libgcc.builtins
                0x00000000        0x0 c:/program files (x86)/atmel/studio/7.0/toolchain/avr8/avr8-gnu-toolchain/bin/../lib/gcc/avr/5.4.0/avr5\libgcc.a(_udivmodsi4.o)
 .text.libgcc.fmul
                0x00000000        0x0 c:/program files (x86)/atmel/studio/7.0/toolchain/avr8/avr8-gnu-toolchain/bin/../lib/gcc/avr/5.4.0/avr5\libgcc.a(_udivmodsi4.o)
 .text.libgcc.fixed
                0x00000000        0x0 c:/program files (x86)/atmel/studio/7.0/toolchain/avr8/avr8-gnu-toolchain/bin/../lib/gcc/avr/5.4.0/avr5\libgcc.a(_udivmodsi4.o)
 .text          0x00000000        0x0 c:/program files (x86)/atmel/studio/7.0/toolchain/avr8/avr8-gnu-toolchain/bin/../lib/gcc/avr/5.4.0/avr5\libgcc.a(_divmodsi4.o)
 .data          0x00000000        0x0 c:/program files (x86)/atmel/studio/7.0/toolchain/avr8/avr8-gnu-toolchain/bin/../lib/gcc/avr/5.4.0/avr5\libgcc.a(_divmodsi4.o)
 .bss           0x00000000        0x0 c:/program files (x86)/atmel/studio/7.0/toolchain/avr8/avr8-gnu-toolchain/bin/../lib/gcc/avr/5.4.0/avr5\libgcc.a(_divmodsi4.o)
 .text.libgcc.mul
                0x00000000        0x0 c:/program files (x86)/atmel/studio/7.0/toolchain/avr8/avr8-gnu-toolchain/bin/../lib/gcc/avr/5.4.0/avr5\libgcc.a(_divmodsi4.o)
 .text.libgcc.div
                0x00000000       0x2e c:/program files (x86)/atmel/studio/7.0/toolchain/avr8/avr8-gnu-toolchain/bin/../lib/gcc/avr/5.4.0/avr5\libgcc.a(_divmodsi4.o)
 .text.libgcc   0x00000000        0x0 c:/program files (x86)/atmel/studio/7.0/toolchain/avr8/avr8-gnu-toolchain/bin/../lib/gcc/avr/5.4.0/avr5\libgcc.a(_divmodsi4.o)
 .text.libgcc.prologue
                0x00000000        0x0 c:/program files (x86)/atmel/studio/7.0/toolchain/avr8/avr8-gnu-toolchain/bin/../lib/gcc/avr/5.4.0/avr5\libgcc.a(_divmodsi4.o)
 .text.libgcc.builtins
                0x00000000        0x0 c:/program files (x86)/atmel/studio/7.0/toolchain/avr8/avr8-gnu-toolchain/bin/../lib/gcc/avr/5.4.0/avr5\libgcc.a(_divmodsi4.o)
 .text.libgcc.fmul
                0x00000000        0x0 c:/program files (x86)/atmel/studio/7.0/toolchain/avr8/avr8-gnu-toolchain/bin/../lib/gcc/avr/5.4.0/avr5\libgcc.a(_divmodsi4.o)
 .text.libgcc.fixed
                0x00000000        0x0 c:/program files (x86)/atmel/studio/7.0/toolchain/avr8/avr8-gnu-toolchain/bin/../lib/gcc/avr/5.4.0/avr5\libgcc.a(_divmodsi4.o)
 .text          0x00000000        0x0 c:/program files (x86)/atmel/studio/7.0/toolchain/avr8/avr8-gnu-toolchain/bin/../lib/gcc/avr/5.4.0/avr5\libgcc.a(_negsi2.o)
 .data          0x00000000        0x0 c:/program files (x86)/atmel/studio/7.0/toolchain/avr8/avr8-gnu-toolchain/bin/../lib/gcc/avr/5.4.0/avr5\libgcc.a(_negsi2.o)
 .bss           0x00000000        0x0 c:/program files (x86)/atmel/studio/7.0/toolchain/avr8/avr8-gnu-toolchain/bin/../lib/gcc/avr/5.4.0/avr5\libgcc.a(_negsi2.o)
 .text.libgcc.mul
                0x00000000        0x0 c:/program files (x86)/atmel/studio/7.0/toolchain/avr8/avr8-gnu-toolchain/bin/../lib/gcc/avr/5.4.0/avr5\libgcc.a(_negsi2.o)
 .text.libgcc.div
                0x00000000       0x10 c:/program files (x86)/atmel/studio/7.0/toolchain/avr8/avr8-gnu-toolchain/bin/../lib/gcc/avr/5.4.0/avr5\libgcc.a(_negsi2.o)
 .text.libgcc   0x00000000        0x0 c:/program files (x86)/atmel/studio/7.0/toolchain/avr8/avr8-gnu-toolchain/bin/../lib/gcc/avr/5.4.0/avr5\libgcc.a(_negsi2.o)
 .text.libgcc.prologue
                0x00000000        0x0 c:/program files (x86)/atmel/studio/7.0/toolchain/avr8/avr8-gnu-toolchain/bin/../lib/gcc/avr/5.4.0/avr5\libgcc.a(_negsi2.o)
 .text.libgcc.builtins
                0x00000000        0x0 c:/program files (x86)/atmel/studio/7.0/toolchain/avr8/avr8-gnu-toolchain/bin/../lib/gcc/avr/5.4.0/avr5\libgcc.a(_negsi2.o)
 .text.libgcc.fmul
                0x00000000        0x0 c:/program files (x86)/atmel/studio/7.0/toolchain/avr8/avr8-gnu-toolchain/bin/../lib/gcc/avr/5.4.0/avr5\libgcc.a(_negsi2.o)
 .text.libgcc.fixed
                0x00000000        0x0 c:/program files (x86)/atmel/studio/7.0/toolchain/avr8/avr8-gnu-toolchain/bin/../lib/gcc/avr/5.4.0/avr5\libgcc.a(_negsi2.o)
 .text          0x00000000        0x0 c:/program files (x86)/atmel/studio/7.0/toolchain/avr8/avr8-gnu-toolchain/bin/../lib/gcc/avr/5.4.0/avr5\libgcc.a(_exit.o)
 .data          0x00000000        0x0 c:/program files (x86)/atmel/studio/7.0/toolchain/avr8/avr8-gnu-toolchain/bin/../lib/gcc/avr/5.4.0/avr5\libgcc.a(_exit.o)
 .bss           0x00000000        0x0 c:/program files (x86)/atmel/studio/7.0/toolchain/avr8/avr8-gnu-toolchain/bin/../lib/gcc/avr/5.4.0/avr5\libgcc.a(_exit.o)
 .text.libgcc.mul
                0x00000000        0x0 c:/program files (x86)/atmel/studio/7.0/toolchain/avr8/avr8-gnu-toolchain/bin/../lib/gcc/avr/5.4.0/avr5\libgcc.a(_exit.o)
 .text.libgcc.div
                0x00000000        0x0 c:/program files (x86)/atmel/studio/7.0/toolchain/avr8/avr8-gnu-toolchain/bin/../lib/gcc/avr/5.4.0/avr5\libgcc.a(_exit.o)
 .text.libgcc   0x00000000        0x0 c:/program files (x86)/atmel/studio/7.0/toolchain/avr8/avr8-gnu-toolchain/bin/../lib/gcc/avr/5.4.0/avr5\libgcc.a(_exit.o)
 .text.libgcc.prologue
                0x00000000        0x0 c:/program files (x86)/atmel/studio/7.0/toolchain/avr8/avr8-gnu-toolchain/bin/../lib/gcc/avr/5.4.0/avr5\libgcc.a(_exit.o)
 .text.libgcc.builtins
                0x00000000        0x0 c:/program files (x86)/atmel/studio/7.0/toolchain/avr8/avr8-gnu-toolchain/bin/../lib/gcc/avr/5.4.0/avr5\libgcc.a(_exit.o)
 .text.libgcc.fmul
                0x00000000        0x0 c:/program files (x86)/atmel/studio/7.0/toolchain/avr8/avr8-gnu-toolchain/bin/../lib/gcc/avr/5.4.0/avr5\libgcc.a(_exit.o)
 .text.libgcc.fixed
                0x00000000        0x0 c:/program files (x86)/atmel/studio/7.0/toolchain/avr8/avr8-gnu-toolchain/bin/../lib/gcc/avr/5.4.0/avr5\libgcc.a(_exit.o)
 .text          0x00000000        0x0 c:/program files (x86)/atmel/studio/7.0/toolchain/avr8/avr8-gnu-toolchain/bin/../lib/gcc/avr/5.4.0/avr5\libgcc.a(_tablejump2.o)
 .data          0x00000000        0x0 c:/program files (x86)/atmel/studio/7.0/toolchain/avr8/avr8-gnu-toolchain/bin/../lib/gcc/avr/5.4.0/avr5\libgcc.a(_tablejump2.o)
 .bss           0x00000000        0x0 c:/program files (x86)/atmel/studio/7.0/toolchain/avr8/avr8-gnu-toolchain/bin/../lib/gcc/avr/5.4.0/avr5\libgcc.a(_tablejump2.o)
 .text.libgcc.mul
                0x00000000        0x0 c:/program files (x86)/atmel/studio/7.0/toolchain/avr8/avr8-gnu-toolchain/bin/../lib/gcc/avr/5.4.0/avr5\libgcc.a(_tablejump2.o)
 .text.libgcc.div
                0x00000000        0x0 c:/program files (x86)/atmel/studio/7.0/toolchain/avr8/avr8-gnu-toolchain/bin/../lib/gcc/avr/5.4.0/avr5\libgcc.a(_tablejump2.o)
 .text.libgcc.prologue
                0x00000000        0x0 c:/program files (x86)/atmel/studio/7.0/toolchain/avr8/avr8-gnu-toolchain/bin/../lib/gcc/avr/5.4.0/avr5\libgcc.a(_tablejump2.o)
 .text.libgcc.builtins
                0x00000000        0x0 c:/program files (x86)/atmel/studio/7.0/toolchain/avr8/avr8-gnu-toolchain/bin/../lib/gcc/avr/5.4.0/avr5\libgcc.a(_tablejump2.o)
 .text.libgcc.fmul
                0x00000000        0x0 c:/program files (x86)/atmel/studio/7.0/toolchain/avr8/avr8-gnu-toolchain/bin/../lib/gcc/avr/5.4.0/avr5\libgcc.a(_tablejump2.o)
 .text.libgcc.fixed
                0x00000000        0x0 c:/program files (x86)/atmel/studio/7.0/toolchain/avr8/avr8-gnu-toolchain/bin/../lib/gcc/avr/5.4.0/avr5\libgcc.a(_tablejump2.o)
 .text          0x00000000        0x0 c:/program files (x86)/atmel/studio/7.0/toolchain/avr8/avr8-gnu-toolchain/bin/../lib/gcc/avr/5.4.0/avr5\libgcc.a(_copy_data.o)
 .data          0x00000000        0x0 c:/program files (x86)/atmel/studio/7.0/toolchain/avr8/avr8-gnu-toolchain/bin/../lib/gcc/avr/5.4.0/avr5\libgcc.a(_copy_data.o)
 .bss           0x00000000        0x0 c:/program files (x86)/atmel/studio/7.0/toolchain/avr8/avr8-gnu-toolchain/bin/../lib/gcc/avr/5.4.0/avr5\libgcc.a(_copy_data.o)
 .text.libgcc.mul
                0x00000000        0x0 c:/program files (x86)/atmel/studio/7.0/toolchain/avr8/avr8-gnu-toolchain/bin/../lib/gcc/avr/5.4.0/avr5\libgcc.a(_copy_data.o)
 .text.libgcc.div
                0x00000000        0x0 c:/program files (x86)/atmel/studio/7.0/toolchain/avr8/avr8-gnu-toolchain/bin/../lib/gcc/avr/5.4.0/avr5\libgcc.a(_copy_data.o)
 .text.libgcc   0x00000000        0x0 c:/program files (x86)/atmel/studio/7.0/toolchain/avr8/avr8-gnu-toolchain/bin/../lib/gcc/avr/5.4.0/avr5\libgcc.a(_copy_data.o)
 .text.libgcc.prologue
                0x00000000        0x0 c:/program files (x86)/atmel/studio/7.0/toolchain/avr8/avr8-gnu-toolchain/bin/../lib/gcc/avr/5.4.0/avr5\libgcc.a(_copy_data.o)
 .text.libgcc.builtins
                0x00000000        0x0 c:/program files (x86)/atmel/studio/7.0/toolchain/avr8/avr8-gnu-toolchain/bin/../lib/gcc/avr/5.4.0/avr5\libgcc.a(_copy_data.o)
 .text.libgcc.fmul
                0x00000000        0x0 c:/program files (x86)/atmel/studio/7.0/toolchain/avr8/avr8-gnu-toolchain/bin/../lib/gcc/avr/5.4.0/avr5\libgcc.a(_copy_data.o)
 .text.libgcc.fixed
                0x00000000        0x0 c:/program files (x86)/atmel/studio/7.0/toolchain/avr8/avr8-gnu-toolchain/bin/../lib/gcc/avr/5.4.0/avr5\libgcc.a(_copy_data.o)
 .text          0x00000000        0x0 c:/program files (x86)/atmel/studio/7.0/toolchain/avr8/avr8-gnu-toolchain/bin/../lib/gcc/avr/5.4.0/avr5\libgcc.a(_clear_bss.o)
 .data          0x00000000        0x0 c:/program files (x86)/atmel/studio/7.0/toolchain/avr8/avr8-gnu-toolchain/bin/../lib/gcc/avr/5.4.0/avr5\libgcc.a(_clear_bss.o)
 .bss           0x00000000        0x0 c:/program files (x86)/atmel/studio/7.0/toolchain/avr8/avr8-gnu-toolchain/bin/../lib/gcc/avr/5.4.0/avr5\libgcc.a(_clear_bss.o)
 .text.libgcc.mul
                0x00000000        0x0 c:/program files (x86)/atmel/studio/7.0/toolchain/avr8/avr8-gnu-toolchain/bin/../lib/gcc/avr/5.4.0/avr5\libgcc.a(_clear_bss.o)
 .text.libgcc.div
                0x00000000        0x0 c:/program files (x86)/atmel/studio/7.0/toolchain/avr8/avr8-gnu-toolchain/bin/../lib/gcc/avr/5.4.0/avr5\libgcc.a(_clear_bss.o)
 .text.libgcc   0x00000000        0x0 c:/program files (x86)/atmel/studio/7.0/toolchain/avr8/avr8-gnu-toolchain/bin/../lib/gcc/avr/5.4.0/avr5\libgcc.a(_clear_bss.o)
 .text.libgcc.prologue
                0x00000000        0x0 c:/program files (x86)/atmel/studio/7.0/toolchain/avr8/avr8-gnu-toolchain/bin/../lib/gcc/avr/5.4.0/avr5\libgcc.a(_clear_bss.o)
 .text.libgcc.builtins
                0x00000000        0x0 c:/program files (x86)/atmel/studio/7.0/toolchain/avr8/avr8-gnu-toolchain/bin/../lib/gcc/avr/5.4.0/avr5\libgcc.a(_clear_bss.o)
 .text.libgcc.fmul
                0x00000000        0x0 c:/program files (x86)/atmel/studio/7.0/toolchain/avr8/avr8-gnu-toolchain/bin/../lib/gcc/avr/5.4.0/avr5\libgcc.a(_clear_bss.o)
 .text.libgcc.fixed
                0x00000000        0x0 c:/program files (x86)/atmel/studio/7.0/toolchain/avr8/avr8-gnu-toolchain/bin/../lib/gcc/avr/5.4.0/avr5\libgcc.a(_clear_bss.o)
 .text          0x00000000        0x0 c:/program files (x86)/atmel/studio/7.0/toolchain/avr8/avr8-gnu-toolchain/bin/../lib/gcc/avr/5.4.0/avr5\libgcc.a(_umulhisi3.o)
 .data          0x00000000        0x0 c:/program files (x86)/atmel/studio/7.0/toolchain/avr8/avr8-gnu-toolchain/bin/../lib/gcc/avr/5.4.0/avr5\libgcc.a(_umulhisi3.o)
 .bss           0x00000000        0x0 c:/program files (x86)/atmel/studio/7.0/toolchain/avr8/avr8-gnu-toolchain/bin/../lib/gcc/avr/5.4.0/avr5\libgcc.a(_umulhisi3.o)
 .text.libgcc.div
                0x00000000        0x0 c:/program files (x86)/atmel/studio/7.0/toolchain/avr8/avr8-gnu-toolchain/bin/../lib/gcc/avr/5.4.0/avr5\libgcc.a(_umulhisi3.o)
 .text.libgcc   0x00000000        0x0 c:/program files (x86)/atmel/studio/7.0/toolchain/avr8/avr8-gnu-toolchain/bin/../lib/gcc/avr/5.4.0/avr5\libgcc.a(_umulhisi3.o)
 .text.libgcc.prologue
                0x00000000        0x0 c:/program files (x86)/atmel/studio/7.0/toolchain/avr8/avr8-gnu-toolchain/bin/../lib/gcc/avr/5.4.0/avr5\libgcc.a(_umulhisi3.o)
 .text.libgcc.builtins
                0x00000000        0x0 c:/program files (x86)/atmel/studio/7.0/toolchain/avr8/avr8-gnu-toolchain/bin/../lib/gcc/avr/5.4.0/avr5\libgcc.a(_umulhisi3.o)
 .text.libgcc.fmul
                0x00000000        0x0 c:/program files (x86)/atmel/studio/7.0/toolchain/avr8/avr8-gnu-toolchain/bin/../lib/gcc/avr/5.4.0/avr5\libgcc.a(_umulhisi3.o)
 .text.libgcc.fixed
                0x00000000        0x0 c:/program files (x86)/atmel/studio/7.0/toolchain/avr8/avr8-gnu-toolchain/bin/../lib/gcc/avr/5.4.0/avr5\libgcc.a(_umulhisi3.o)
 .text          0x00000000        0x0 c:/program files (x86)/atmel/studio/7.0/toolchain/avr8/avr8-gnu-toolchain/bin/../lib/gcc/avr/5.4.0/avr5\libgcc.a(_muluhisi3.o)
 .data          0x00000000        0x0 c:/program files (x86)/atmel/studio/7.0/toolchain/avr8/avr8-gnu-toolchain/bin/../lib/gcc/avr/5.4.0/avr5\libgcc.a(_muluhisi3.o)
 .bss           0x00000000        0x0 c:/program files (x86)/atmel/studio/7.0/toolchain/avr8/avr8-gnu-toolchain/bin/../lib/gcc/avr/5.4.0/avr5\libgcc.a(_muluhisi3.o)
 .text.libgcc.div
                0x00000000        0x0 c:/program files (x86)/atmel/studio/7.0/toolchain/avr8/avr8-gnu-toolchain/bin/../lib/gcc/avr/5.4.0/avr5\libgcc.a(_muluhisi3.o)
 .text.libgcc   0x00000000        0x0 c:/program files (x86)/atmel/studio/7.0/toolchain/avr8/avr8-gnu-toolchain/bin/../lib/gcc/avr/5.4.0/avr5\libgcc.a(_muluhisi3.o)
 .text.libgcc.prologue
                0x00000000        0x0 c:/program files (x86)/atmel/studio/7.0/toolchain/avr8/avr8-gnu-toolchain/bin/../lib/gcc/avr/5.4.0/avr5\libgcc.a(_muluhisi3.o)
 .text.libgcc.builtins
                0x00000000        0x0 c:/program files (x86)/atmel/studio/7.0/toolchain/avr8/avr8-gnu-toolchain/bin/../lib/gcc/avr/5.4.0/avr5\libgcc.a(_muluhisi3.o)
 .text.libgcc.fmul
                0x00000000        0x0 c:/program files (x86)/atmel/studio/7.0/toolchain/avr8/avr8-gnu-toolchain/bin/../lib/gcc/avr/5.4.0/avr5\libgcc.a(_muluhisi3.o)
 .text.libgcc.fixed
                0x00000000        0x0 c:/program files (x86)/atmel/studio/7.0/toolchain/avr8/avr8-gnu-toolchain/bin/../lib/gcc/avr/5.4.0/avr5\libgcc.a(_muluhisi3.o)

Memory Configuration

Name             Origin             Length             Attributes
text             0x00000000         0x00008000         xr
data             0x00800060         0x00000800         rw !x
eeprom           0x00810000         0x00000400         rw !x
fuse             0x00820000         0x00000002         rw !x
lock             0x00830000         0x00000400         rw !x
signature        0x00840000         0x00000400         rw !x
user_signatures  0x00850000         0x00000400         rw !x
*default*        0x00000000         0xffffffff

Linker script and memory map

LOAD C:/Program Files (x86)/Atmel/Studio/7.0/Packs/atmel/ATmega_DFP/1.7.374/gcc/dev/atmega32/avr5/crtatmega32.o
LOAD App/CFGH/HAL_CFG/KeyPad_CFG/KeyPad_CFG.o
LOAD App/CFGH/MCAL_CFG/PORT_CFG/PORT_LCFG.o
LOAD App/MAIN/main.o
LOAD HAL/KeyPad/KeyPad_Core.o
LOAD HAL/LCD/LCD_Core.o
LOAD HAL/LED/LED.o
LOAD HAL/SERVO MOTOR/SERVO_MOTOR_CORE.o
LOAD HAL/Smart Lock Door System/SMARTDOOR_CORE.o
LOAD MCAL/ADC/ADC_CORE.o
LOAD MCAL/DIO/DIO_CORE.o
LOAD MCAL/ICU/ICU_CORE.o
LOAD MCAL/IRQH/IRQH_CORE.o
LOAD MCAL/PORT/PORT_CORE.o
LOAD MCAL/PWM/PWM_CORE.o
LOAD MCAL/TIMER/TIMER_CORE.o
START GROUP
LOAD c:/program files (x86)/atmel/studio/7.0/toolchain/avr8/avr8-gnu-toolchain/bin/../lib/gcc/avr/5.4.0/../../../../avr/lib/avr5\libm.a
END GROUP
START GROUP
LOAD c:/program files (x86)/atmel/studio/7.0/toolchain/avr8/avr8-gnu-toolchain/bin/../lib/gcc/avr/5.4.0/avr5\libgcc.a
LOAD c:/program files (x86)/atmel/studio/7.0/toolchain/avr8/avr8-gnu-toolchain/bin/../lib/gcc/avr/5.4.0/../../../../avr/lib/avr5\libm.a
LOAD c:/program files (x86)/atmel/studio/7.0/toolchain/avr8/avr8-gnu-toolchain/bin/../lib/gcc/avr/5.4.0/../../../../avr/lib/avr5\libc.a
LOAD C:/Program Files (x86)/Atmel/Studio/7.0/Packs/atmel/ATmega_DFP/1.7.374/gcc/dev/atmega32/avr5\libatmega32.a
END GROUP
                0x00000000                __TEXT_REGION_ORIGIN__ = DEFINED (__TEXT_REGION_ORIGIN__)?__TEXT_REGION_ORIGIN__:0x0
                [0x00800060]                __DATA_REGION_ORIGIN__ = DEFINED (__DATA_REGION_ORIGIN__)?__DATA_REGION_ORIGIN__:0x800060
                [0x00008000]                __TEXT_REGION_LENGTH__ = DEFINED (__TEXT_REGION_LENGTH__)?__TEXT_REGION_LENGTH__:0x20000
                [0x00000800]                __DATA_REGION_LENGTH__ = DEFINED (__DATA_REGION_LENGTH__)?__DATA_REGION_LENGTH__:0xffa0
                [0x00000400]                __EEPROM_REGION_LENGTH__ = DEFINED (__EEPROM_REGION_LENGTH__)?__EEPROM_REGION_LENGTH__:0x10000
                [0x00000002]                __FUSE_REGION_LENGTH__ = DEFINED (__FUSE_REGION_LENGTH__)?__FUSE_REGION_LENGTH__:0x400
                0x00000400                __LOCK_REGION_LENGTH__ = DEFINED (__LOCK_REGION_LENGTH__)?__LOCK_REGION_LENGTH__:0x400
                0x00000400                __SIGNATURE_REGION_LENGTH__ = DEFINED (__SIGNATURE_REGION_LENGTH__)?__SIGNATURE_REGION_LENGTH__:0x400
                0x00000400                __USER_SIGNATURE_REGION_LENGTH__ = DEFINED (__USER_SIGNATURE_REGION_LENGTH__)?__USER_SIGNATURE_REGION_LENGTH__:0x400

.hash
 *(.hash)

.dynsym
 *(.dynsym)

.dynstr
 *(.dynstr)

.gnu.version
 *(.gnu.version)

.gnu.version_d
 *(.gnu.version_d)

.gnu.version_r
 *(.gnu.version_r)

.rel.init
 *(.rel.init)

.rela.init
 *(.rela.init)

.rel.text
 *(.rel.text)
 *(.rel.text.*)
 *(.rel.gnu.linkonce.t*)

.rela.text
 *(.rela.text)
 *(.rela.text.*)
 *(.rela.gnu.linkonce.t*)

.rel.fini
 *(.rel.fini)

.rela.fini
 *(.rela.fini)

.rel.rodata
 *(.rel.rodata)
 *(.rel.rodata.*)
 *(.rel.gnu.linkonce.r*)

.rela.rodata
 *(.rela.rodata)
 *(.rela.rodata.*)
 *(.rela.gnu.linkonce.r*)

.rel.data
 *(.rel.data)
 *(.rel.data.*)
 *(.rel.gnu.linkonce.d*)

.rela.data
 *(.rela.data)
 *(.rela.data.*)
 *(.rela.gnu.linkonce.d*)

.rel.ctors
 *(.rel.ctors)

.rela.ctors
 *(.rela.ctors)

.rel.dtors
 *(.rel.dtors)

.rela.dtors
 *(.rela.dtors)

.rel.got
 *(.rel.got)

.rela.got
 *(.rela.got)

.rel.bss
 *(.rel.bss)

.rela.bss
 *(.rela.bss)

.rel.plt
 *(.rel.plt)

.rela.plt
 *(.rela.plt)

.text           0x00000000      0xdb6
 *(.vectors)
 .vectors       0x00000000       0x54 C:/Program Files (x86)/Atmel/Studio/7.0/Packs/atmel/ATmega_DFP/1.7.374/gcc/dev/atmega32/avr5/crtatmega32.o
                0x00000000                __vector_default
                0x00000000                __vectors
 *(.vectors)
 *(.progmem.gcc*)
 .progmem.gcc_sw_table.Smart_Door_Init
                0x00000054       0x68 HAL/Smart Lock Door System/SMARTDOOR_CORE.o
                0x000000bc                . = ALIGN (0x2)
                0x000000bc                __trampolines_start = .
 *(.trampolines)
 .trampolines   0x000000bc        0x0 linker stubs
 *(.trampolines*)
                0x000000bc                __trampolines_end = .
 *libprintf_flt.a:*(.progmem.data)
 *libc.a:*(.progmem.data)
 *(.progmem*)
                0x000000bc                . = ALIGN (0x2)
 *(.jumptables)
 *(.jumptables*)
 *(.lowtext)
 *(.lowtext*)
                0x000000bc                __ctors_start = .
 *(.ctors)
                0x000000bc                __ctors_end = .
                0x000000bc                __dtors_start = .
 *(.dtors)
                0x000000bc                __dtors_end = .
 SORT(*)(.ctors)
 SORT(*)(.dtors)
 *(.init0)
 .init0         0x000000bc        0x0 C:/Program Files (x86)/Atmel/Studio/7.0/Packs/atmel/ATmega_DFP/1.7.374/gcc/dev/atmega32/avr5/crtatmega32.o
                0x000000bc                __init
 *(.init0)
 *(.init1)
 *(.init1)
 *(.init2)
 .init2         0x000000bc        0xc C:/Program Files (x86)/Atmel/Studio/7.0/Packs/atmel/ATmega_DFP/1.7.374/gcc/dev/atmega32/avr5/crtatmega32.o
 *(.init2)
 *(.init3)
 *(.init3)
 *(.init4)
 .init4         0x000000c8       0x16 c:/program files (x86)/atmel/studio/7.0/toolchain/avr8/avr8-gnu-toolchain/bin/../lib/gcc/avr/5.4.0/avr5\libgcc.a(_copy_data.o)
                0x000000c8                __do_copy_data
 .init4         0x000000de       0x10 c:/program files (x86)/atmel/studio/7.0/toolchain/avr8/avr8-gnu-toolchain/bin/../lib/gcc/avr/5.4.0/avr5\libgcc.a(_clear_bss.o)
                0x000000de                __do_clear_bss
 *(.init4)
 *(.init5)
 *(.init5)
 *(.init6)
 *(.init6)
 *(.init7)
 *(.init7)
 *(.init8)
 *(.init8)
 *(.init9)
 .init9         0x000000ee        0x8 C:/Program Files (x86)/Atmel/Studio/7.0/Packs/atmel/ATmega_DFP/1.7.374/gcc/dev/atmega32/avr5/crtatmega32.o
 *(.init9)
 *(.text)
 .text          0x000000f6        0x4 C:/Program Files (x86)/Atmel/Studio/7.0/Packs/atmel/ATmega_DFP/1.7.374/gcc/dev/atmega32/avr5/crtatmega32.o
                0x000000f6                __vector_12
                0x000000f6                __bad_interrupt
                0x000000f6                __vector_3
                0x000000f6                __vector_13
                0x000000f6                __vector_17
                0x000000f6                __vector_19
                0x000000f6                __vector_5
                0x000000f6                __vector_4
                0x000000f6                __vector_2
                0x000000f6                __vector_15
                0x000000f6                __vector_8
                0x000000f6                __vector_14
                0x000000f6                __vector_10
                0x000000f6                __vector_18
                0x000000f6                __vector_20
                0x000000fa                . = ALIGN (0x2)
 *(.text.*)
 .text.main     0x000000fa       0x2e App/MAIN/main.o
                0x000000fa                main
 .text.KEYPAD_Init
                0x00000128       0x22 HAL/KeyPad/KeyPad_Core.o
                0x00000128                KEYPAD_Init
 .text.KEYPAD_GetValue
                0x0000014a       0x9c HAL/KeyPad/KeyPad_Core.o
                0x0000014a                KEYPAD_GetValue
 .text.LCD_WriteCommand
                0x000001e6       0xb6 HAL/LCD/LCD_Core.o
                0x000001e6                LCD_WriteCommand
 .text.LCD_Init
                0x0000029c       0x2c HAL/LCD/LCD_Core.o
                0x0000029c                LCD_Init
 .text.LCD_WriteChar
                0x000002c8       0xb6 HAL/LCD/LCD_Core.o
                0x000002c8                LCD_WriteChar
 .text.LCD_WriteString
                0x0000037e       0x26 HAL/LCD/LCD_Core.o
                0x0000037e                LCD_WriteString
 .text.LCD_Clear
                0x000003a4        0x8 HAL/LCD/LCD_Core.o
                0x000003a4                LCD_Clear
 .text.LCD_GOTO
                0x000003ac       0x30 HAL/LCD/LCD_Core.o
                0x000003ac                LCD_GOTO
 .text.SERVO_Init
                0x000003dc        0x6 HAL/SERVO MOTOR/SERVO_MOTOR_CORE.o
                0x000003dc                SERVO_Init
 .text.SERVO_SetDegree
                0x000003e2       0x1a HAL/SERVO MOTOR/SERVO_MOTOR_CORE.o
                0x000003e2                SERVO_SetDegree
 .text.Smart_Door_Init
                0x000003fc      0x280 HAL/Smart Lock Door System/SMARTDOOR_CORE.o
                0x000003fc                Smart_Door_Init
 .text.DIO_WriteChannel
                0x0000067c      0x10e MCAL/DIO/DIO_CORE.o
                0x0000067c                DIO_WriteChannel
 .text.DIO_ReadChannel
                0x0000078a       0x82 MCAL/DIO/DIO_CORE.o
                0x0000078a                DIO_ReadChannel
 .text.DIO_WritePort
                0x0000080c       0x26 MCAL/DIO/DIO_CORE.o
                0x0000080c                DIO_WritePort
 .text.DIO_ReadOutputPort
                0x00000832       0x36 MCAL/DIO/DIO_CORE.o
                0x00000832                DIO_ReadOutputPort
 .text.__vector_1
                0x00000868       0x52 MCAL/IRQH/IRQH_CORE.o
                0x00000868                __vector_1
 .text.__vector_16
                0x000008ba       0x7a MCAL/IRQH/IRQH_CORE.o
                0x000008ba                __vector_16
 .text.__vector_11
                0x00000934       0x82 MCAL/IRQH/IRQH_CORE.o
                0x00000934                __vector_11
 .text.__vector_9
                0x000009b6       0x4a MCAL/IRQH/IRQH_CORE.o
                0x000009b6                __vector_9
 .text.__vector_7
                0x00000a00       0x60 MCAL/IRQH/IRQH_CORE.o
                0x00000a00                __vector_7
 .text.__vector_6
                0x00000a60      0x160 MCAL/IRQH/IRQH_CORE.o
                0x00000a60                __vector_6
 .text.PORT_Init
                0x00000bc0      0x108 MCAL/PORT/PORT_CORE.o
                0x00000bc0                PORT_Init
 .text.PWM_Init
                0x00000cc8       0x14 MCAL/PWM/PWM_CORE.o
                0x00000cc8                PWM_Init
 .text.PWM1_Generate
                0x00000cdc       0x52 MCAL/PWM/PWM_CORE.o
                0x00000cdc                PWM1_Generate
 .text.libgcc.div
                0x00000d2e       0x44 c:/program files (x86)/atmel/studio/7.0/toolchain/avr8/avr8-gnu-toolchain/bin/../lib/gcc/avr/5.4.0/avr5\libgcc.a(_udivmodsi4.o)
                0x00000d2e                __udivmodsi4
 .text.libgcc   0x00000d72        0xc c:/program files (x86)/atmel/studio/7.0/toolchain/avr8/avr8-gnu-toolchain/bin/../lib/gcc/avr/5.4.0/avr5\libgcc.a(_tablejump2.o)
                0x00000d72                __tablejump2__
 .text.libgcc.mul
                0x00000d7e       0x1e c:/program files (x86)/atmel/studio/7.0/toolchain/avr8/avr8-gnu-toolchain/bin/../lib/gcc/avr/5.4.0/avr5\libgcc.a(_umulhisi3.o)
                0x00000d7e                __umulhisi3
 .text.libgcc.mul
                0x00000d9c       0x16 c:/program files (x86)/atmel/studio/7.0/toolchain/avr8/avr8-gnu-toolchain/bin/../lib/gcc/avr/5.4.0/avr5\libgcc.a(_muluhisi3.o)
                0x00000d9c                __muluhisi3
                0x00000db2                . = ALIGN (0x2)
 *(.fini9)
 .fini9         0x00000db2        0x0 c:/program files (x86)/atmel/studio/7.0/toolchain/avr8/avr8-gnu-toolchain/bin/../lib/gcc/avr/5.4.0/avr5\libgcc.a(_exit.o)
                0x00000db2                _exit
                0x00000db2                exit
 *(.fini9)
 *(.fini8)
 *(.fini8)
 *(.fini7)
 *(.fini7)
 *(.fini6)
 *(.fini6)
 *(.fini5)
 *(.fini5)
 *(.fini4)
 *(.fini4)
 *(.fini3)
 *(.fini3)
 *(.fini2)
 *(.fini2)
 *(.fini1)
 *(.fini1)
 *(.fini0)
 .fini0         0x00000db2        0x4 c:/program files (x86)/atmel/studio/7.0/toolchain/avr8/avr8-gnu-toolchain/bin/../lib/gcc/avr/5.4.0/avr5\libgcc.a(_exit.o)
 *(.fini0)
                0x00000db6                _etext = .

.data           0x00800060       0x74 load address 0x00000db6
                0x00800060                PROVIDE (__data_start, .)
 *(.data)
 *(.data*)
 .data.KEYPAD_VALUE
                0x00800060       0x10 App/CFGH/HAL_CFG/KeyPad_CFG/KeyPad_CFG.o
                0x00800060                KEYPAD_VALUE
 .data.Input_Password
                0x00800070        0x4 HAL/Smart Lock Door System/SMARTDOOR_CORE.o
                0x00800070                Input_Password
 *(.gnu.linkonce.d*)
 *(.rodata)
 *(.rodata*)
 .rodata.PORT_Initialization
                0x00800074       0x32 App/CFGH/MCAL_CFG/PORT_CFG/PORT_LCFG.o
                0x00800074                PORT_Initialization
 .rodata.str1.1
                0x008000a6        0x6 App/MAIN/main.o
 .rodata.str1.1
                0x008000ac       0x28 HAL/Smart Lock Door System/SMARTDOOR_CORE.o
                                 0x2e (size before relaxing)
 *(.gnu.linkonce.r*)
                0x008000d4                . = ALIGN (0x2)
                0x008000d4                _edata = .
                0x008000d4                PROVIDE (__data_end, .)

.bss            0x008000d4       0x4f
                0x008000d4                PROVIDE (__bss_start, .)
 *(.bss)
 *(.bss*)
 .bss.i.1813    0x008000d4        0x1 HAL/Smart Lock Door System/SMARTDOOR_CORE.o
 .bss.cnt1.1812
                0x008000d5        0x1 HAL/Smart Lock Door System/SMARTDOOR_CORE.o
 .bss.cnt.1811  0x008000d6        0x1 HAL/Smart Lock Door System/SMARTDOOR_CORE.o
 .bss.num.1810  0x008000d7        0x1 HAL/Smart Lock Door System/SMARTDOOR_CORE.o
 .bss.NUM.1809  0x008000d8        0x1 HAL/Smart Lock Door System/SMARTDOOR_CORE.o
 .bss.ADC_Vin_Value_mV
                0x008000d9        0x4 MCAL/ADC/ADC_CORE.o
                0x008000d9                ADC_Vin_Value_mV
 .bss.Capture_Flag
                0x008000dd        0x4 MCAL/ICU/ICU_CORE.o
                0x008000dd                Capture_Flag
 .bss.Captured_Readings_3
                0x008000e1        0x4 MCAL/ICU/ICU_CORE.o
                0x008000e1                Captured_Readings_3
 .bss.Captured_Readings_2
                0x008000e5        0x4 MCAL/ICU/ICU_CORE.o
                0x008000e5                Captured_Readings_2
 .bss.Captured_Readings_1
                0x008000e9        0x4 MCAL/ICU/ICU_CORE.o
                0x008000e9                Captured_Readings_1
 .bss.INT_CNT_2.1668
                0x008000ed        0x1 MCAL/IRQH/IRQH_CORE.o
 .bss.INT_CNT_1.1657
                0x008000ee        0x1 MCAL/IRQH/IRQH_CORE.o
 .bss.TIMER1_Number_OVRflows_g
                0x008000ef        0x4 MCAL/IRQH/IRQH_CORE.o
                0x008000ef                TIMER1_Number_OVRflows_g
 .bss.CallBack_PtrFunc
                0x008000f3       0x28 MCAL/IRQH/IRQH_CORE.o
                0x008000f3                CallBack_PtrFunc
 .bss.TIMER0_Init_Value_g
                0x0080011b        0x4 MCAL/TIMER/TIMER_CORE.o
                0x0080011b                TIMER0_Init_Value_g
 .bss.TIMER0_Number_OVRflows_g
                0x0080011f        0x4 MCAL/TIMER/TIMER_CORE.o
                0x0080011f                TIMER0_Number_OVRflows_g
 *(COMMON)
                0x00800123                PROVIDE (__bss_end, .)
                0x00000db6                __data_load_start = LOADADDR (.data)
                0x00000e2a                __data_load_end = (__data_load_start + SIZEOF (.data))

.noinit         0x00800123        0x0
                [!provide]                PROVIDE (__noinit_start, .)
 *(.noinit*)
                [!provide]                PROVIDE (__noinit_end, .)
                0x00800123                _end = .
                [!provide]                PROVIDE (__heap_start, .)

.eeprom         0x00810000        0x0
 *(.eeprom*)
                0x00810000                __eeprom_end = .

.fuse
 *(.fuse)
 *(.lfuse)
 *(.hfuse)
 *(.efuse)

.lock
 *(.lock*)

.signature
 *(.signature*)

.user_signatures
 *(.user_signatures*)

.stab
 *(.stab)

.stabstr
 *(.stabstr)

.stab.excl
 *(.stab.excl)

.stab.exclstr
 *(.stab.exclstr)

.stab.index
 *(.stab.index)

.stab.indexstr
 *(.stab.indexstr)

.comment        0x00000000       0x30
 *(.comment)
 .comment       0x00000000       0x30 App/CFGH/HAL_CFG/KeyPad_CFG/KeyPad_CFG.o
                                 0x31 (size before relaxing)
 .comment       0x00000030       0x31 App/CFGH/MCAL_CFG/PORT_CFG/PORT_LCFG.o
 .comment       0x00000030       0x31 App/MAIN/main.o
 .comment       0x00000030       0x31 HAL/KeyPad/KeyPad_Core.o
 .comment       0x00000030       0x31 HAL/LCD/LCD_Core.o
 .comment       0x00000030       0x31 HAL/SERVO MOTOR/SERVO_MOTOR_CORE.o
 .comment       0x00000030       0x31 HAL/Smart Lock Door System/SMARTDOOR_CORE.o
 .comment       0x00000030       0x31 MCAL/ADC/ADC_CORE.o
 .comment       0x00000030       0x31 MCAL/DIO/DIO_CORE.o
 .comment       0x00000030       0x31 MCAL/ICU/ICU_CORE.o
 .comment       0x00000030       0x31 MCAL/IRQH/IRQH_CORE.o
 .comment       0x00000030       0x31 MCAL/PORT/PORT_CORE.o
 .comment       0x00000030       0x31 MCAL/PWM/PWM_CORE.o
 .comment       0x00000030       0x31 MCAL/TIMER/TIMER_CORE.o

.note.gnu.avr.deviceinfo
                0x00000000       0x3c
 .note.gnu.avr.deviceinfo
                0x00000000       0x3c C:/Program Files (x86)/Atmel/Studio/7.0/Packs/atmel/ATmega_DFP/1.7.374/gcc/dev/atmega32/avr5/crtatmega32.o

.note.gnu.build-id
 *(.note.gnu.build-id)

.debug
 *(.debug)

.line
 *(.line)

.debug_srcinfo
 *(.debug_srcinfo)

.debug_sfnames
 *(.debug_sfnames)

.debug_aranges  0x00000000      0x298
 *(.debug_aranges)
 .debug_aranges
                0x00000000       0x18 App/CFGH/HAL_CFG/KeyPad_CFG/KeyPad_CFG.o
 .debug_aranges
                0x00000018       0x18 App/CFGH/MCAL_CFG/PORT_CFG/PORT_LCFG.o
 .debug_aranges
                0x00000030       0x20 App/MAIN/main.o
 .debug_aranges
                0x00000050       0x28 HAL/KeyPad/KeyPad_Core.o
 .debug_aranges
                0x00000078       0x58 HAL/LCD/LCD_Core.o
 .debug_aranges
                0x000000d0       0x30 HAL/SERVO MOTOR/SERVO_MOTOR_CORE.o
 .debug_aranges
                0x00000100       0x20 HAL/Smart Lock Door System/SMARTDOOR_CORE.o
 .debug_aranges
                0x00000120       0x28 MCAL/ADC/ADC_CORE.o
 .debug_aranges
                0x00000148       0x48 MCAL/DIO/DIO_CORE.o
 .debug_aranges
                0x00000190       0x30 MCAL/ICU/ICU_CORE.o
 .debug_aranges
                0x000001c0       0x60 MCAL/IRQH/IRQH_CORE.o
 .debug_aranges
                0x00000220       0x20 MCAL/PORT/PORT_CORE.o
 .debug_aranges
                0x00000240       0x30 MCAL/PWM/PWM_CORE.o
 .debug_aranges
                0x00000270       0x28 MCAL/TIMER/TIMER_CORE.o

.debug_pubnames
 *(.debug_pubnames)

.debug_info     0x00000000     0x24e2
 *(.debug_info .gnu.linkonce.wi.*)
 .debug_info    0x00000000      0x4e6 C:/Program Files (x86)/Atmel/Studio/7.0/Packs/atmel/ATmega_DFP/1.7.374/gcc/dev/atmega32/avr5/crtatmega32.o
 .debug_info    0x000004e6       0x90 App/CFGH/HAL_CFG/KeyPad_CFG/KeyPad_CFG.o
 .debug_info    0x00000576       0xe8 App/CFGH/MCAL_CFG/PORT_CFG/PORT_LCFG.o
 .debug_info    0x0000065e      0x1a3 App/MAIN/main.o
 .debug_info    0x00000801      0x2a0 HAL/KeyPad/KeyPad_Core.o
 .debug_info    0x00000aa1      0x743 HAL/LCD/LCD_Core.o
 .debug_info    0x000011e4      0x156 HAL/SERVO MOTOR/SERVO_MOTOR_CORE.o
 .debug_info    0x0000133a      0x5fd HAL/Smart Lock Door System/SMARTDOOR_CORE.o
 .debug_info    0x00001937       0xc7 MCAL/ADC/ADC_CORE.o
 .debug_info    0x000019fe      0x272 MCAL/DIO/DIO_CORE.o
 .debug_info    0x00001c70      0x2b6 MCAL/ICU/ICU_CORE.o
 .debug_info    0x00001f26      0x294 MCAL/IRQH/IRQH_CORE.o
 .debug_info    0x000021ba      0x146 MCAL/PORT/PORT_CORE.o
 .debug_info    0x00002300       0xeb MCAL/PWM/PWM_CORE.o
 .debug_info    0x000023eb       0xf7 MCAL/TIMER/TIMER_CORE.o

.debug_abbrev   0x00000000     0x1134
 *(.debug_abbrev)
 .debug_abbrev  0x00000000      0x4a3 C:/Program Files (x86)/Atmel/Studio/7.0/Packs/atmel/ATmega_DFP/1.7.374/gcc/dev/atmega32/avr5/crtatmega32.o
 .debug_abbrev  0x000004a3       0x4b App/CFGH/HAL_CFG/KeyPad_CFG/KeyPad_CFG.o
 .debug_abbrev  0x000004ee       0x86 App/CFGH/MCAL_CFG/PORT_CFG/PORT_LCFG.o
 .debug_abbrev  0x00000574       0xb5 App/MAIN/main.o
 .debug_abbrev  0x00000629      0x166 HAL/KeyPad/KeyPad_Core.o
 .debug_abbrev  0x0000078f      0x206 HAL/LCD/LCD_Core.o
 .debug_abbrev  0x00000995       0x9a HAL/SERVO MOTOR/SERVO_MOTOR_CORE.o
 .debug_abbrev  0x00000a2f      0x164 HAL/Smart Lock Door System/SMARTDOOR_CORE.o
 .debug_abbrev  0x00000b93       0x80 MCAL/ADC/ADC_CORE.o
 .debug_abbrev  0x00000c13       0xea MCAL/DIO/DIO_CORE.o
 .debug_abbrev  0x00000cfd      0x112 MCAL/ICU/ICU_CORE.o
 .debug_abbrev  0x00000e0f      0x14b MCAL/IRQH/IRQH_CORE.o
 .debug_abbrev  0x00000f5a       0xc4 MCAL/PORT/PORT_CORE.o
 .debug_abbrev  0x0000101e       0x96 MCAL/PWM/PWM_CORE.o
 .debug_abbrev  0x000010b4       0x80 MCAL/TIMER/TIMER_CORE.o

.debug_line     0x00000000     0x161b
 *(.debug_line .debug_line.* .debug_line_end)
 .debug_line    0x00000000      0x116 C:/Program Files (x86)/Atmel/Studio/7.0/Packs/atmel/ATmega_DFP/1.7.374/gcc/dev/atmega32/avr5/crtatmega32.o
 .debug_line    0x00000116       0x5c App/CFGH/HAL_CFG/KeyPad_CFG/KeyPad_CFG.o
 .debug_line    0x00000172       0x69 App/CFGH/MCAL_CFG/PORT_CFG/PORT_LCFG.o
 .debug_line    0x000001db      0x166 App/MAIN/main.o
 .debug_line    0x00000341      0x21a HAL/KeyPad/KeyPad_Core.o
 .debug_line    0x0000055b      0x396 HAL/LCD/LCD_Core.o
 .debug_line    0x000008f1       0xba HAL/SERVO MOTOR/SERVO_MOTOR_CORE.o
 .debug_line    0x000009ab      0x3af HAL/Smart Lock Door System/SMARTDOOR_CORE.o
 .debug_line    0x00000d5a       0xa4 MCAL/ADC/ADC_CORE.o
 .debug_line    0x00000dfe      0x24c MCAL/DIO/DIO_CORE.o
 .debug_line    0x0000104a      0x128 MCAL/ICU/ICU_CORE.o
 .debug_line    0x00001172      0x249 MCAL/IRQH/IRQH_CORE.o
 .debug_line    0x000013bb      0x127 MCAL/PORT/PORT_CORE.o
 .debug_line    0x000014e2       0xa9 MCAL/PWM/PWM_CORE.o
 .debug_line    0x0000158b       0x90 MCAL/TIMER/TIMER_CORE.o

.debug_frame    0x00000000      0x5e4
 *(.debug_frame)
 .debug_frame   0x00000000       0x24 App/MAIN/main.o
 .debug_frame   0x00000024       0x54 HAL/KeyPad/KeyPad_Core.o
 .debug_frame   0x00000078      0x120 HAL/LCD/LCD_Core.o
 .debug_frame   0x00000198       0x44 HAL/SERVO MOTOR/SERVO_MOTOR_CORE.o
 .debug_frame   0x000001dc       0x2c HAL/Smart Lock Door System/SMARTDOOR_CORE.o
 .debug_frame   0x00000208       0x34 MCAL/ADC/ADC_CORE.o
 .debug_frame   0x0000023c       0x74 MCAL/DIO/DIO_CORE.o
 .debug_frame   0x000002b0       0x64 MCAL/ICU/ICU_CORE.o
 .debug_frame   0x00000314      0x22c MCAL/IRQH/IRQH_CORE.o
 .debug_frame   0x00000540       0x24 MCAL/PORT/PORT_CORE.o
 .debug_frame   0x00000564       0x4c MCAL/PWM/PWM_CORE.o
 .debug_frame   0x000005b0       0x34 MCAL/TIMER/TIMER_CORE.o

.debug_str      0x00000000      0x9bc
 *(.debug_str)
 .debug_str     0x00000000      0x196 C:/Program Files (x86)/Atmel/Studio/7.0/Packs/atmel/ATmega_DFP/1.7.374/gcc/dev/atmega32/avr5/crtatmega32.o
 .debug_str     0x00000196      0x19e App/CFGH/HAL_CFG/KeyPad_CFG/KeyPad_CFG.o
                                0x1c5 (size before relaxing)
 .debug_str     0x00000334       0x80 App/CFGH/MCAL_CFG/PORT_CFG/PORT_LCFG.o
                                0x20c (size before relaxing)
 .debug_str     0x000003b4       0xc0 App/MAIN/main.o
                                0x250 (size before relaxing)
 .debug_str     0x00000474       0xa1 HAL/KeyPad/KeyPad_Core.o
                                0x299 (size before relaxing)
 .debug_str     0x00000515       0xda HAL/LCD/LCD_Core.o
                                0x317 (size before relaxing)
 .debug_str     0x000005ef       0x71 HAL/SERVO MOTOR/SERVO_MOTOR_CORE.o
                                0x206 (size before relaxing)
 .debug_str     0x00000660       0x43 HAL/Smart Lock Door System/SMARTDOOR_CORE.o
                                0x2d0 (size before relaxing)
 .debug_str     0x000006a3       0x4c MCAL/ADC/ADC_CORE.o
                                0x1d7 (size before relaxing)
 .debug_str     0x000006ef       0x5d MCAL/DIO/DIO_CORE.o
                                0x238 (size before relaxing)
 .debug_str     0x0000074c       0x9b MCAL/ICU/ICU_CORE.o
                                0x293 (size before relaxing)
 .debug_str     0x000007e7      0x139 MCAL/IRQH/IRQH_CORE.o
                                0x373 (size before relaxing)
 .debug_str     0x00000920       0x1e MCAL/PORT/PORT_CORE.o
                                0x20a (size before relaxing)
 .debug_str     0x0000093e       0x25 MCAL/PWM/PWM_CORE.o
                                0x1dc (size before relaxing)
 .debug_str     0x00000963       0x59 MCAL/TIMER/TIMER_CORE.o
                                0x21a (size before relaxing)

.debug_loc      0x00000000     0x15bd
 *(.debug_loc)
 .debug_loc     0x00000000       0x1f App/MAIN/main.o
 .debug_loc     0x0000001f      0x137 HAL/KeyPad/KeyPad_Core.o
 .debug_loc     0x00000156      0x5df HAL/LCD/LCD_Core.o
 .debug_loc     0x00000735       0x9d HAL/SERVO MOTOR/SERVO_MOTOR_CORE.o
 .debug_loc     0x000007d2      0x218 HAL/Smart Lock Door System/SMARTDOOR_CORE.o
 .debug_loc     0x000009ea      0x4fe MCAL/DIO/DIO_CORE.o
 .debug_loc     0x00000ee8       0x63 MCAL/ICU/ICU_CORE.o
 .debug_loc     0x00000f4b      0x4ad MCAL/IRQH/IRQH_CORE.o
 .debug_loc     0x000013f8      0x151 MCAL/PORT/PORT_CORE.o
 .debug_loc     0x00001549       0x74 MCAL/PWM/PWM_CORE.o

.debug_macinfo
 *(.debug_macinfo)

.debug_weaknames
 *(.debug_weaknames)

.debug_funcnames
 *(.debug_funcnames)

.debug_typenames
 *(.debug_typenames)

.debug_varnames
 *(.debug_varnames)

.debug_pubtypes
 *(.debug_pubtypes)

.debug_ranges   0x00000000      0x1a8
 *(.debug_ranges)
 .debug_ranges  0x00000000       0x10 App/MAIN/main.o
 .debug_ranges  0x00000010       0x18 HAL/KeyPad/KeyPad_Core.o
 .debug_ranges  0x00000028       0x48 HAL/LCD/LCD_Core.o
 .debug_ranges  0x00000070       0x20 HAL/SERVO MOTOR/SERVO_MOTOR_CORE.o
 .debug_ranges  0x00000090       0x10 HAL/Smart Lock Door System/SMARTDOOR_CORE.o
 .debug_ranges  0x000000a0       0x18 MCAL/ADC/ADC_CORE.o
 .debug_ranges  0x000000b8       0x38 MCAL/DIO/DIO_CORE.o
 .debug_ranges  0x000000f0       0x20 MCAL/ICU/ICU_CORE.o
 .debug_ranges  0x00000110       0x50 MCAL/IRQH/IRQH_CORE.o
 .debug_ranges  0x00000160       0x10 MCAL/PORT/PORT_CORE.o
 .debug_ranges  0x00000170       0x20 MCAL/PWM/PWM_CORE.o
 .debug_ranges  0x00000190       0x18 MCAL/TIMER/TIMER_CORE.o

.debug_macro
 *(.debug_macro)
OUTPUT(Smart Lock Door System.elf elf32-avr)
LOAD linker stubs
